Archive member included to satisfy reference by file (symbol)

/home/dave/opt/gcc-arm-none-eabi-6-2017-q1-update/bin/../lib/gcc/arm-none-eabi/6.3.1/thumb/v6-m/libgcc.a(_udivsi3.o)
                              sam0/drivers/system/clock/clock_samd21_r21_da_ha1/clock.o (__aeabi_uidiv)
/home/dave/opt/gcc-arm-none-eabi-6-2017-q1-update/bin/../lib/gcc/arm-none-eabi/6.3.1/thumb/v6-m/libgcc.a(_divsi3.o)
                              sam0/drivers/usb/stack_interface/usb_device_udd.o (__aeabi_idivmod)
/home/dave/opt/gcc-arm-none-eabi-6-2017-q1-update/bin/../lib/gcc/arm-none-eabi/6.3.1/thumb/v6-m/libgcc.a(_dvmd_tls.o)
                              /home/dave/opt/gcc-arm-none-eabi-6-2017-q1-update/bin/../lib/gcc/arm-none-eabi/6.3.1/thumb/v6-m/libgcc.a(_udivsi3.o) (__aeabi_idiv0)
/home/dave/opt/gcc-arm-none-eabi-6-2017-q1-update/bin/../lib/gcc/arm-none-eabi/6.3.1/thumb/v6-m/libgcc.a(_clzsi2.o)
                              sam0/drivers/usb/usb_sam_d_r/usb.o (__clzsi2)
/home/dave/opt/gcc-arm-none-eabi-6-2017-q1-update/bin/../lib/gcc/arm-none-eabi/6.3.1/thumb/v6-m/libgcc.a(_ctzsi2.o)
                              sam0/drivers/usb/usb_sam_d_r/usb.o (__ctzsi2)
/home/dave/opt/gcc-arm-none-eabi-6-2017-q1-update/bin/../lib/gcc/arm-none-eabi/6.3.1/../../../../arm-none-eabi/lib/thumb/v6-m/libc_nano.a(lib_a-exit.o)
                              /home/dave/opt/gcc-arm-none-eabi-6-2017-q1-update/bin/../lib/gcc/arm-none-eabi/6.3.1/../../../../arm-none-eabi/lib/thumb/v6-m/crt0.o (exit)
/home/dave/opt/gcc-arm-none-eabi-6-2017-q1-update/bin/../lib/gcc/arm-none-eabi/6.3.1/../../../../arm-none-eabi/lib/thumb/v6-m/libc_nano.a(lib_a-impure.o)
                              /home/dave/opt/gcc-arm-none-eabi-6-2017-q1-update/bin/../lib/gcc/arm-none-eabi/6.3.1/../../../../arm-none-eabi/lib/thumb/v6-m/libc_nano.a(lib_a-exit.o) (_global_impure_ptr)
/home/dave/opt/gcc-arm-none-eabi-6-2017-q1-update/bin/../lib/gcc/arm-none-eabi/6.3.1/../../../../arm-none-eabi/lib/thumb/v6-m/libc_nano.a(lib_a-init.o)
                              /home/dave/opt/gcc-arm-none-eabi-6-2017-q1-update/bin/../lib/gcc/arm-none-eabi/6.3.1/../../../../arm-none-eabi/lib/thumb/v6-m/crt0.o (__libc_init_array)
/home/dave/opt/gcc-arm-none-eabi-6-2017-q1-update/bin/../lib/gcc/arm-none-eabi/6.3.1/../../../../arm-none-eabi/lib/thumb/v6-m/libc_nano.a(lib_a-memcpy-stub.o)
                              sam0/drivers/usb/stack_interface/usb_device_udd.o (memcpy)
/home/dave/opt/gcc-arm-none-eabi-6-2017-q1-update/bin/../lib/gcc/arm-none-eabi/6.3.1/../../../../arm-none-eabi/lib/thumb/v6-m/libc_nano.a(lib_a-memset.o)
                              /home/dave/opt/gcc-arm-none-eabi-6-2017-q1-update/bin/../lib/gcc/arm-none-eabi/6.3.1/../../../../arm-none-eabi/lib/thumb/v6-m/crt0.o (memset)

Allocating common symbols
Common symbol       size              file

udd_ep_out_cache_buffer
                    0x180             sam0/drivers/usb/stack_interface/usb_device_udd.o
usb_descriptor_table
                    0x100             sam0/drivers/usb/usb_sam_d_r/usb.o
usb_device          0x168             sam0/drivers/usb/stack_interface/usb_device_udd.o
_extint_dev         0x40              sam0/drivers/extint/extint_sam_d_r_h/extint.o
udd_g_ctrlreq       0x18              sam0/drivers/usb/stack_interface/usb_device_udd.o
_current_channel    0x1               sam0/drivers/extint/extint_callback.o
sleepmgr_locks      0x5               common/services/sleepmgr/samd/sleepmgr.o
udd_ctrl_buffer     0x40              sam0/drivers/usb/stack_interface/usb_device_udd.o

Discarded input sections

 .text          0x0000000000000000        0x0 /home/dave/opt/gcc-arm-none-eabi-6-2017-q1-update/bin/../lib/gcc/arm-none-eabi/6.3.1/thumb/v6-m/crti.o
 .data          0x0000000000000000        0x0 /home/dave/opt/gcc-arm-none-eabi-6-2017-q1-update/bin/../lib/gcc/arm-none-eabi/6.3.1/thumb/v6-m/crti.o
 .bss           0x0000000000000000        0x0 /home/dave/opt/gcc-arm-none-eabi-6-2017-q1-update/bin/../lib/gcc/arm-none-eabi/6.3.1/thumb/v6-m/crti.o
 .data          0x0000000000000000        0x4 /home/dave/opt/gcc-arm-none-eabi-6-2017-q1-update/bin/../lib/gcc/arm-none-eabi/6.3.1/thumb/v6-m/crtbegin.o
 .text          0x0000000000000000       0x78 /home/dave/opt/gcc-arm-none-eabi-6-2017-q1-update/bin/../lib/gcc/arm-none-eabi/6.3.1/../../../../arm-none-eabi/lib/thumb/v6-m/crt0.o
 .data          0x0000000000000000        0x0 /home/dave/opt/gcc-arm-none-eabi-6-2017-q1-update/bin/../lib/gcc/arm-none-eabi/6.3.1/../../../../arm-none-eabi/lib/thumb/v6-m/crt0.o
 .bss           0x0000000000000000        0x0 /home/dave/opt/gcc-arm-none-eabi-6-2017-q1-update/bin/../lib/gcc/arm-none-eabi/6.3.1/../../../../arm-none-eabi/lib/thumb/v6-m/crt0.o
 .ARM.extab     0x0000000000000000        0x0 /home/dave/opt/gcc-arm-none-eabi-6-2017-q1-update/bin/../lib/gcc/arm-none-eabi/6.3.1/../../../../arm-none-eabi/lib/thumb/v6-m/crt0.o
[...]
Memory Configuration

Name             Origin             Length             Attributes
rom              0x0000000000000000 0x0000000000040000 xr
ram              0x0000000020000000 0x0000000000008000 xrw
*default*        0x0000000000000000 0xffffffffffffffff

Linker script and memory map

LOAD /home/dave/opt/gcc-arm-none-eabi-6-2017-q1-update/bin/../lib/gcc/arm-none-eabi/6.3.1/thumb/v6-m/crti.o
LOAD /home/dave/opt/gcc-arm-none-eabi-6-2017-q1-update/bin/../lib/gcc/arm-none-eabi/6.3.1/thumb/v6-m/crtbegin.o
LOAD /home/dave/opt/gcc-arm-none-eabi-6-2017-q1-update/bin/../lib/gcc/arm-none-eabi/6.3.1/../../../../arm-none-eabi/lib/thumb/v6-m/crt0.o
                0x0000000000002000                STACK_SIZE = DEFINED (STACK_SIZE)?STACK_SIZE:DEFINED (__stack_size__)?__stack_size__:0x2000

.text           0x0000000000000000     0x3294
                0x0000000000000000                . = ALIGN (0x4)
                0x0000000000000000                _sfixed = .
 *(.vectors .vectors.*)
 .vectors       0x0000000000000000       0xb4 sam0/utils/cmsis/samd21/source/gcc/startup_samd21.o
                0x0000000000000000                exception_table
 *(.text .text.* .gnu.linkonce.t.*)
 .text          0x00000000000000b4       0x60 /home/dave/opt/gcc-arm-none-eabi-6-2017-q1-update/bin/../lib/gcc/arm-none-eabi/6.3.1/thumb/v6-m/crtbegin.o
 .text.main_vendor_iso_in_received
                0x0000000000000114        0xa common/services/usb/class/vendor/device/example/main.o
                0x0000000000000114                main_vendor_iso_in_received
 *fill*         0x000000000000011e        0x2 
 .text.main_vendor_int_in_received
                0x0000000000000120       0x24 common/services/usb/class/vendor/device/example/main.o
                0x0000000000000120                main_vendor_int_in_received
 .text.main_vendor_int_out_received
                0x0000000000000144       0x24 common/services/usb/class/vendor/device/example/main.o
                0x0000000000000144                main_vendor_int_out_received
 .text.main_vendor_bulk_in_received
                0x0000000000000168       0x24 common/services/usb/class/vendor/device/example/main.o
                0x0000000000000168                main_vendor_bulk_in_received
 .text.main_vendor_bulk_out_received
                0x000000000000018c       0x24 common/services/usb/class/vendor/device/example/main.o
                0x000000000000018c                main_vendor_bulk_out_received
 .text.main_vendor_iso_out_received
                0x00000000000001b0       0x60 common/services/usb/class/vendor/device/example/main.o
                0x00000000000001b0                main_vendor_iso_out_received
 .text.main     0x0000000000000210       0xf4 common/services/usb/class/vendor/device/example/main.o
                0x0000000000000210                main
 .text.main_suspend_action
                0x0000000000000304        0x8 common/services/usb/class/vendor/device/example/main.o
                0x0000000000000304                main_suspend_action
 .text.main_resume_action
                0x000000000000030c        0x8 common/services/usb/class/vendor/device/example/main.o
                0x000000000000030c                main_resume_action
 .text.main_sof_action
                0x0000000000000314       0x1c common/services/usb/class/vendor/device/example/main.o
                0x0000000000000314                main_sof_action
 .text.main_vendor_enable
                0x0000000000000330       0x38 common/services/usb/class/vendor/device/example/main.o
                0x0000000000000330                main_vendor_enable
 .text.main_vendor_disable
                0x0000000000000368        0xc common/services/usb/class/vendor/device/example/main.o
                0x0000000000000368                main_vendor_disable
 .text.main_setup_out_received
                0x0000000000000374       0x34 common/services/usb/class/vendor/device/example/main.o
                0x0000000000000374                main_setup_out_received
 .text.main_setup_in_received
                0x00000000000003a8       0x34 common/services/usb/class/vendor/device/example/main.o
                0x00000000000003a8                main_setup_in_received
 .text.ui_init  0x00000000000003dc       0x10 common/services/usb/class/vendor/device/example/samd21j18a_samd21_xplained_pro/ui.o
                0x00000000000003dc                ui_init
 .text.ui_powerdown
                0x00000000000003ec       0x10 common/services/usb/class/vendor/device/example/samd21j18a_samd21_xplained_pro/ui.o
                0x00000000000003ec                ui_powerdown
 .text.ui_wakeup
                0x00000000000003fc       0x10 common/services/usb/class/vendor/device/example/samd21j18a_samd21_xplained_pro/ui.o
                0x00000000000003fc                ui_wakeup
 .text.ui_loop_back_state
                0x000000000000040c        0xc common/services/usb/class/vendor/device/example/samd21j18a_samd21_xplained_pro/ui.o
                0x000000000000040c                ui_loop_back_state
 .text.ui_process
                0x0000000000000418       0x48 common/services/usb/class/vendor/device/example/samd21j18a_samd21_xplained_pro/ui.o
                0x0000000000000418                ui_process
 .text.udi_vendor_getsetting
                0x0000000000000460        0xc common/services/usb/class/vendor/device/udi_vendor.o
                0x0000000000000460                udi_vendor_getsetting
 .text.udi_vendor_enable
                0x000000000000046c       0x20 common/services/usb/class/vendor/device/udi_vendor.o
                0x000000000000046c                udi_vendor_enable
 .text.udi_vendor_disable
                0x000000000000048c       0x18 common/services/usb/class/vendor/device/udi_vendor.o
                0x000000000000048c                udi_vendor_disable
 .text.udi_vendor_setup
                0x00000000000004a4       0x4c common/services/usb/class/vendor/device/udi_vendor.o
                0x00000000000004a4                udi_vendor_setup
 .text.udi_vendor_interrupt_in_run
                0x00000000000004f0       0x16 common/services/usb/class/vendor/device/udi_vendor.o
                0x00000000000004f0                udi_vendor_interrupt_in_run
 .text.udi_vendor_interrupt_out_run
                0x0000000000000506       0x16 common/services/usb/class/vendor/device/udi_vendor.o
                0x0000000000000506                udi_vendor_interrupt_out_run
 .text.udi_vendor_bulk_in_run
                0x000000000000051c       0x16 common/services/usb/class/vendor/device/udi_vendor.o
                0x000000000000051c                udi_vendor_bulk_in_run
 .text.udi_vendor_bulk_out_run
                0x0000000000000532       0x16 common/services/usb/class/vendor/device/udi_vendor.o
                0x0000000000000532                udi_vendor_bulk_out_run
 .text.udi_vendor_iso_in_run
                0x0000000000000548       0x16 common/services/usb/class/vendor/device/udi_vendor.o
                0x0000000000000548                udi_vendor_iso_in_run
 .text.udi_vendor_iso_out_run
                0x000000000000055e       0x16 common/services/usb/class/vendor/device/udi_vendor.o
                0x000000000000055e                udi_vendor_iso_out_run
 .text.udc_next_desc_in_iface
                0x0000000000000574       0x4c common/services/usb/udc/udc.o
 .text.udc_valid_address
                0x00000000000005c0       0x14 common/services/usb/udc/udc.o
 .text.udc_update_iface_desc
                0x00000000000005d4       0x74 common/services/usb/udc/udc.o
 .text.udc_iface_disable
                0x0000000000000648       0x54 common/services/usb/udc/udc.o
 .text.udc_iface_enable
                0x000000000000069c       0x4c common/services/usb/udc/udc.o
 .text.udc_get_interface_desc
                0x00000000000006e8        0xc common/services/usb/udc/udc.o
                0x00000000000006e8                udc_get_interface_desc
 .text.udc_start
                0x00000000000006f4        0x8 common/services/usb/udc/udc.o
                0x00000000000006f4                udc_start
 .text.udc_reset
                0x00000000000006fc       0x48 common/services/usb/udc/udc.o
                0x00000000000006fc                udc_reset
 .text.udc_sof_notify
                0x0000000000000744       0x44 common/services/usb/udc/udc.o
                0x0000000000000744                udc_sof_notify
 .text.udc_process_setup
                0x0000000000000788      0x410 common/services/usb/udc/udc.o
                0x0000000000000788                udc_process_setup
 .text.cpu_irq_enter_critical
                0x0000000000000b98       0x40 common/utils/interrupt/interrupt_sam_nvic.o
                0x0000000000000b98                cpu_irq_enter_critical
 .text.cpu_irq_leave_critical
                0x0000000000000bd8       0x30 common/utils/interrupt/interrupt_sam_nvic.o
                0x0000000000000bd8                cpu_irq_leave_critical
 .text.system_board_init
                0x0000000000000c08       0x34 sam0/boards/samd21_xplained_pro/board_init.o
                0x0000000000000c08                system_board_init
                0x0000000000000c08                board_init
 .text.extint_register_callback
                0x0000000000000c3c       0x2c sam0/drivers/extint/extint_callback.o
                0x0000000000000c3c                extint_register_callback
 .text.extint_chan_enable_callback
                0x0000000000000c68       0x20 sam0/drivers/extint/extint_callback.o
                0x0000000000000c68                extint_chan_enable_callback
 .text.extint_chan_disable_callback
                0x0000000000000c88       0x20 sam0/drivers/extint/extint_callback.o
                0x0000000000000c88                extint_chan_disable_callback
 .text.EIC_Handler
                0x0000000000000ca8       0x54 sam0/drivers/extint/extint_callback.o
                0x0000000000000ca8                EIC_Handler
 .text._extint_enable
                0x0000000000000cfc       0x18 sam0/drivers/extint/extint_sam_d_r_h/extint.o
 .text._system_extint_init
                0x0000000000000d14       0x60 sam0/drivers/extint/extint_sam_d_r_h/extint.o
                0x0000000000000d14                _system_extint_init
 .text.extint_chan_get_config_defaults
                0x0000000000000d74       0x14 sam0/drivers/extint/extint_sam_d_r_h/extint.o
                0x0000000000000d74                extint_chan_get_config_defaults
 .text.extint_chan_set_config
                0x0000000000000d88       0x74 sam0/drivers/extint/extint_sam_d_r_h/extint.o
                0x0000000000000d88                extint_chan_set_config
 .text.port_pin_set_config
                0x0000000000000dfc       0x20 sam0/drivers/port/port.o
                0x0000000000000dfc                port_pin_set_config
 .text.system_clock_source_osc8m_set_config
                0x0000000000000e1c       0x3c sam0/drivers/system/clock/clock_samd21_r21_da_ha1/clock.o
                0x0000000000000e1c                system_clock_source_osc8m_set_config
 .text.system_clock_source_dfll_set_config
                0x0000000000000e58       0x80 sam0/drivers/system/clock/clock_samd21_r21_da_ha1/clock.o
                0x0000000000000e58                system_clock_source_dfll_set_config
 .text.system_clock_source_enable
                0x0000000000000ed8       0xa8 sam0/drivers/system/clock/clock_samd21_r21_da_ha1/clock.o
                0x0000000000000ed8                system_clock_source_enable
 .text.system_clock_init
                0x0000000000000f80       0xe4 sam0/drivers/system/clock/clock_samd21_r21_da_ha1/clock.o
                0x0000000000000f80                system_clock_init
 .text.system_gclk_init
                0x0000000000001064       0x24 sam0/drivers/system/clock/clock_samd21_r21_da_ha1/gclk.o
                0x0000000000001064                system_gclk_init
 .text.system_gclk_gen_set_config
                0x0000000000001088       0xb0 sam0/drivers/system/clock/clock_samd21_r21_da_ha1/gclk.o
                0x0000000000001088                system_gclk_gen_set_config
 .text.system_gclk_gen_enable
                0x0000000000001138       0x3c sam0/drivers/system/clock/clock_samd21_r21_da_ha1/gclk.o
                0x0000000000001138                system_gclk_gen_enable
 .text.system_gclk_chan_enable
                0x0000000000001174       0x28 sam0/drivers/system/clock/clock_samd21_r21_da_ha1/gclk.o
                0x0000000000001174                system_gclk_chan_enable
 .text.system_gclk_chan_disable
                0x000000000000119c       0x54 sam0/drivers/system/clock/clock_samd21_r21_da_ha1/gclk.o
                0x000000000000119c                system_gclk_chan_disable
 .text.system_gclk_chan_set_config
                0x00000000000011f0       0x18 sam0/drivers/system/clock/clock_samd21_r21_da_ha1/gclk.o
                0x00000000000011f0                system_gclk_chan_set_config
 .text._system_pinmux_config
                0x0000000000001208       0xa8 sam0/drivers/system/pinmux/pinmux.o
 .text.system_pinmux_pin_set_config
                0x00000000000012b0       0x2c sam0/drivers/system/pinmux/pinmux.o
                0x00000000000012b0                system_pinmux_pin_set_config
 .text._system_dummy_init
                0x00000000000012dc        0x2 sam0/drivers/system/system.o
                0x00000000000012dc                _system_divas_init
                0x00000000000012dc                _system_events_init
                0x00000000000012dc                _system_dummy_init
 .text.system_init
                0x00000000000012de       0x18 sam0/drivers/system/system.o
                0x00000000000012de                system_init
 *fill*         0x00000000000012f6        0x2 
 .text.udd_sleep_mode
                0x00000000000012f8       0xc0 sam0/drivers/usb/stack_interface/usb_device_udd.o
 .text.udd_ep_get_job
                0x00000000000013b8       0x24 sam0/drivers/usb/stack_interface/usb_device_udd.o
 .text.udd_ep_transfer_process
                0x00000000000013dc      0x19c sam0/drivers/usb/stack_interface/usb_device_udd.o
 .text.udd_ctrl_stall_data
                0x0000000000001578       0x24 sam0/drivers/usb/stack_interface/usb_device_udd.o
 .text._usb_device_lpm_suspend
                0x000000000000159c       0x28 sam0/drivers/usb/stack_interface/usb_device_udd.o
 .text._usb_on_wakeup
                0x00000000000015c4       0x60 sam0/drivers/usb/stack_interface/usb_device_udd.o
 .text._usb_on_bus_reset
                0x0000000000001624       0xa0 sam0/drivers/usb/stack_interface/usb_device_udd.o
 .text.udd_ctrl_send_zlp_in
                0x00000000000016c4       0x34 sam0/drivers/usb/stack_interface/usb_device_udd.o
 .text._usb_ep0_on_tansfer_fail
                0x00000000000016f8       0x4c sam0/drivers/usb/stack_interface/usb_device_udd.o
 .text.udd_ctrl_in_sent
                0x0000000000001744       0xa0 sam0/drivers/usb/stack_interface/usb_device_udd.o
 .text._usb_ep0_on_setup
                0x00000000000017e4       0xd0 sam0/drivers/usb/stack_interface/usb_device_udd.o
 .text._usb_on_sof_notify
                0x00000000000018b4        0xc sam0/drivers/usb/stack_interface/usb_device_udd.o
 .text._usb_on_suspend
                0x00000000000018c0       0x24 sam0/drivers/usb/stack_interface/usb_device_udd.o
 .text.udd_ep_abort
                0x00000000000018e4       0x34 sam0/drivers/usb/stack_interface/usb_device_udd.o
                0x00000000000018e4                udd_ep_abort
 .text.udd_is_high_speed
                0x0000000000001918        0x4 sam0/drivers/usb/stack_interface/usb_device_udd.o
                0x0000000000001918                udd_is_high_speed
 .text.udd_get_frame_number
                0x000000000000191c       0x10 sam0/drivers/usb/stack_interface/usb_device_udd.o
                0x000000000000191c                udd_get_frame_number
 .text.udd_ep_free
                0x000000000000192c       0x44 sam0/drivers/usb/stack_interface/usb_device_udd.o
                0x000000000000192c                udd_ep_free
 .text.udd_ep_alloc
                0x0000000000001970       0xf8 sam0/drivers/usb/stack_interface/usb_device_udd.o
                0x0000000000001970                udd_ep_alloc
 .text.udd_ep_is_halted
                0x0000000000001a68       0x10 sam0/drivers/usb/stack_interface/usb_device_udd.o
                0x0000000000001a68                udd_ep_is_halted
 .text.udd_ep_set_halt
                0x0000000000001a78       0x28 sam0/drivers/usb/stack_interface/usb_device_udd.o
                0x0000000000001a78                udd_ep_set_halt
 .text._usb_ep0_on_tansfer_ok
                0x0000000000001aa0       0xec sam0/drivers/usb/stack_interface/usb_device_udd.o
 .text.udd_ep_clear_halt
                0x0000000000001b8c       0x3c sam0/drivers/usb/stack_interface/usb_device_udd.o
                0x0000000000001b8c                udd_ep_clear_halt
 .text.udd_ep_run
                0x0000000000001bc8      0x1c0 sam0/drivers/usb/stack_interface/usb_device_udd.o
                0x0000000000001bc8                udd_ep_run
 .text.udd_set_address
                0x0000000000001d88       0x10 sam0/drivers/usb/stack_interface/usb_device_udd.o
                0x0000000000001d88                udd_set_address
 .text.udd_getaddress
                0x0000000000001d98       0x10 sam0/drivers/usb/stack_interface/usb_device_udd.o
                0x0000000000001d98                udd_getaddress
 .text.udd_set_setup_payload
                0x0000000000001da8        0xc sam0/drivers/usb/stack_interface/usb_device_udd.o
                0x0000000000001da8                udd_set_setup_payload
 .text.udd_detach
                0x0000000000001db4       0x1c sam0/drivers/usb/stack_interface/usb_device_udd.o
                0x0000000000001db4                udd_detach
 .text.udd_attach
                0x0000000000001dd0       0x88 sam0/drivers/usb/stack_interface/usb_device_udd.o
                0x0000000000001dd0                udd_attach
 .text._uhd_vbus_handler
                0x0000000000001e58       0x2c sam0/drivers/usb/stack_interface/usb_device_udd.o
 .text.udd_enable
                0x0000000000001e84       0xd4 sam0/drivers/usb/stack_interface/usb_device_udd.o
                0x0000000000001e84                udd_enable
 .text.usb_device_register_callback
                0x0000000000001f58       0x24 sam0/drivers/usb/usb_sam_d_r/usb.o
                0x0000000000001f58                usb_device_register_callback
 .text.usb_device_enable_callback
                0x0000000000001f7c       0x20 sam0/drivers/usb/usb_sam_d_r/usb.o
                0x0000000000001f7c                usb_device_enable_callback
 .text.usb_device_disable_callback
                0x0000000000001f9c       0x1c sam0/drivers/usb/usb_sam_d_r/usb.o
                0x0000000000001f9c                usb_device_disable_callback
 .text.usb_device_endpoint_register_callback
                0x0000000000001fb8       0x28 sam0/drivers/usb/usb_sam_d_r/usb.o
                0x0000000000001fb8                usb_device_endpoint_register_callback
 .text.usb_device_endpoint_unregister_callback
                0x0000000000001fe0       0x28 sam0/drivers/usb/usb_sam_d_r/usb.o
                0x0000000000001fe0                usb_device_endpoint_unregister_callback
 .text.usb_device_endpoint_enable_callback
                0x0000000000002008       0xd0 sam0/drivers/usb/usb_sam_d_r/usb.o
                0x0000000000002008                usb_device_endpoint_enable_callback
 .text.usb_device_endpoint_disable_callback
                0x00000000000020d8       0xd0 sam0/drivers/usb/usb_sam_d_r/usb.o
                0x00000000000020d8                usb_device_endpoint_disable_callback
 .text.usb_device_endpoint_get_config_defaults
                0x00000000000021a8        0xe sam0/drivers/usb/usb_sam_d_r/usb.o
                0x00000000000021a8                usb_device_endpoint_get_config_defaults
 *fill*         0x00000000000021b6        0x2 
 .text.usb_device_endpoint_set_config
                0x00000000000021b8      0x244 sam0/drivers/usb/usb_sam_d_r/usb.o
                0x00000000000021b8                usb_device_endpoint_set_config
 .text.usb_device_endpoint_abort_job
                0x00000000000023fc       0x36 sam0/drivers/usb/usb_sam_d_r/usb.o
                0x00000000000023fc                usb_device_endpoint_abort_job
 .text.usb_device_endpoint_is_halted
                0x0000000000002432       0x2a sam0/drivers/usb/usb_sam_d_r/usb.o
                0x0000000000002432                usb_device_endpoint_is_halted
 .text.usb_device_endpoint_set_halt
                0x000000000000245c       0x26 sam0/drivers/usb/usb_sam_d_r/usb.o
                0x000000000000245c                usb_device_endpoint_set_halt
 .text.usb_device_endpoint_clear_halt
                0x0000000000002482       0x84 sam0/drivers/usb/usb_sam_d_r/usb.o
                0x0000000000002482                usb_device_endpoint_clear_halt
 *fill*         0x0000000000002506        0x2 
 .text.usb_device_endpoint_write_buffer_job
                0x0000000000002508       0x54 sam0/drivers/usb/usb_sam_d_r/usb.o
                0x0000000000002508                usb_device_endpoint_write_buffer_job
 .text.usb_device_endpoint_read_buffer_job
                0x000000000000255c       0x50 sam0/drivers/usb/usb_sam_d_r/usb.o
                0x000000000000255c                usb_device_endpoint_read_buffer_job
 .text.usb_device_endpoint_setup_buffer_job
                0x00000000000025ac       0x30 sam0/drivers/usb/usb_sam_d_r/usb.o
                0x00000000000025ac                usb_device_endpoint_setup_buffer_job
 .text.usb_enable
                0x00000000000025dc       0x14 sam0/drivers/usb/usb_sam_d_r/usb.o
                0x00000000000025dc                usb_enable
 .text.USB_Handler
                0x00000000000025f0      0x5c4 sam0/drivers/usb/usb_sam_d_r/usb.o
                0x00000000000025f0                USB_Handler
 .text.usb_get_config_defaults
                0x0000000000002bb4        0xe sam0/drivers/usb/usb_sam_d_r/usb.o
                0x0000000000002bb4                usb_get_config_defaults
 *fill*         0x0000000000002bc2        0x2 
 .text.usb_init
                0x0000000000002bc4      0x1ec sam0/drivers/usb/usb_sam_d_r/usb.o
                0x0000000000002bc4                usb_init
 .text.Dummy_Handler
                0x0000000000002db0        0x2 sam0/utils/cmsis/samd21/source/gcc/startup_samd21.o
                0x0000000000002db0                DMAC_Handler
                0x0000000000002db0                HardFault_Handler
                0x0000000000002db0                AC_Handler
                0x0000000000002db0                SysTick_Handler
                0x0000000000002db0                PendSV_Handler
                0x0000000000002db0                NMI_Handler
                0x0000000000002db0                TC7_Handler
                0x0000000000002db0                SERCOM1_Handler
                0x0000000000002db0                ADC_Handler
                0x0000000000002db0                TCC1_Handler
                0x0000000000002db0                SERCOM2_Handler
                0x0000000000002db0                TCC0_Handler
                0x0000000000002db0                RTC_Handler
                0x0000000000002db0                TC6_Handler
                0x0000000000002db0                WDT_Handler
                0x0000000000002db0                TC4_Handler
                0x0000000000002db0                TC3_Handler
                0x0000000000002db0                Dummy_Handler
                0x0000000000002db0                PM_Handler
                0x0000000000002db0                SERCOM5_Handler
                0x0000000000002db0                SVC_Handler
                0x0000000000002db0                TCC2_Handler
                0x0000000000002db0                EVSYS_Handler
                0x0000000000002db0                SERCOM3_Handler
                0x0000000000002db0                SERCOM4_Handler
                0x0000000000002db0                I2S_Handler
                0x0000000000002db0                NVMCTRL_Handler
                0x0000000000002db0                SERCOM0_Handler
                0x0000000000002db0                DAC_Handler
                0x0000000000002db0                PTC_Handler
                0x0000000000002db0                TC5_Handler
                0x0000000000002db0                SYSCTRL_Handler
 *fill*         0x0000000000002db2        0x2 
 .text.Reset_Handler
                0x0000000000002db4       0xdc sam0/utils/cmsis/samd21/source/gcc/startup_samd21.o
                0x0000000000002db4                Reset_Handler
 .text          0x0000000000002e90      0x114 /home/dave/opt/gcc-arm-none-eabi-6-2017-q1-update/bin/../lib/gcc/arm-none-eabi/6.3.1/thumb/v6-m/libgcc.a(_udivsi3.o)
                0x0000000000002e90                __udivsi3
                0x0000000000002e90                __aeabi_uidiv
                0x0000000000002f9c                __aeabi_uidivmod
 .text          0x0000000000002fa4      0x1d4 /home/dave/opt/gcc-arm-none-eabi-6-2017-q1-update/bin/../lib/gcc/arm-none-eabi/6.3.1/thumb/v6-m/libgcc.a(_divsi3.o)
                0x0000000000002fa4                __aeabi_idiv
                0x0000000000002fa4                __divsi3
                0x0000000000003170                __aeabi_idivmod
 .text          0x0000000000003178        0x4 /home/dave/opt/gcc-arm-none-eabi-6-2017-q1-update/bin/../lib/gcc/arm-none-eabi/6.3.1/thumb/v6-m/libgcc.a(_dvmd_tls.o)
                0x0000000000003178                __aeabi_ldiv0
                0x0000000000003178                __aeabi_idiv0
 .text          0x000000000000317c       0x40 /home/dave/opt/gcc-arm-none-eabi-6-2017-q1-update/bin/../lib/gcc/arm-none-eabi/6.3.1/thumb/v6-m/libgcc.a(_ctzsi2.o)
                0x000000000000317c                __ctzsi2
 .text.__libc_init_array
                0x00000000000031bc       0x48 /home/dave/opt/gcc-arm-none-eabi-6-2017-q1-update/bin/../lib/gcc/arm-none-eabi/6.3.1/../../../../arm-none-eabi/lib/thumb/v6-m/libc_nano.a(lib_a-init.o)
                0x00000000000031bc                __libc_init_array
 .text.memcpy   0x0000000000003204       0x12 /home/dave/opt/gcc-arm-none-eabi-6-2017-q1-update/bin/../lib/gcc/arm-none-eabi/6.3.1/../../../../arm-none-eabi/lib/thumb/v6-m/libc_nano.a(lib_a-memcpy-stub.o)
                0x0000000000003204                memcpy
 .text.memset   0x0000000000003216       0x10 /home/dave/opt/gcc-arm-none-eabi-6-2017-q1-update/bin/../lib/gcc/arm-none-eabi/6.3.1/../../../../arm-none-eabi/lib/thumb/v6-m/libc_nano.a(lib_a-memset.o)
                0x0000000000003216                memset
 *(.glue_7t)
 .glue_7t       0x0000000000003226        0x0 linker stubs
 *(.glue_7)
 .glue_7        0x0000000000003226        0x0 linker stubs
 *(.rodata .rodata* .gnu.linkonce.r.*)
 .rodata.main_setup_out_received.cst2
                0x0000000000003226        0x2 common/services/usb/class/vendor/device/example/main.o
 .rodata.main_setup_in_received.cst2
                0x0000000000003228        0x2 common/services/usb/class/vendor/device/example/main.o
 .rodata.system_clock_source_enable
                0x0000000000003228       0x24 sam0/drivers/system/clock/clock_samd21_r21_da_ha1/clock.o
 .rodata.usb_device_endpoint_set_config
                0x000000000000324c       0x14 sam0/drivers/usb/usb_sam_d_r/usb.o
 .rodata._usb_device_irq_bits
                0x0000000000003260        0xe sam0/drivers/usb/usb_sam_d_r/usb.o
 *fill*         0x000000000000326e        0x2 
 .rodata._usb_endpoint_irq_bits
                0x0000000000003270        0x4 sam0/drivers/usb/usb_sam_d_r/usb.o
 *(.ARM.extab* .gnu.linkonce.armextab.*)
                0x0000000000003274                . = ALIGN (0x4)
 *(.init)
 .init          0x0000000000003274        0x4 /home/dave/opt/gcc-arm-none-eabi-6-2017-q1-update/bin/../lib/gcc/arm-none-eabi/6.3.1/thumb/v6-m/crti.o
                0x0000000000003274                _init
 .init          0x0000000000003278        0x8 /home/dave/opt/gcc-arm-none-eabi-6-2017-q1-update/bin/../lib/gcc/arm-none-eabi/6.3.1/thumb/v6-m/crtn.o
                0x0000000000003280                . = ALIGN (0x4)
                0x0000000000003280                __preinit_array_start = .
 *(.preinit_array)
                0x0000000000003280                __preinit_array_end = .
                0x0000000000003280                . = ALIGN (0x4)
                0x0000000000003280                __init_array_start = .
 *(SORT(.init_array.*))
 *(.init_array)
 .init_array    0x0000000000003280        0x4 /home/dave/opt/gcc-arm-none-eabi-6-2017-q1-update/bin/../lib/gcc/arm-none-eabi/6.3.1/thumb/v6-m/crtbegin.o
                0x0000000000003284                __init_array_end = .
                0x0000000000003284                . = ALIGN (0x4)
 *crtbegin.o(.ctors)
 *(EXCLUDE_FILE(*crtend.o) .ctors)
 *(SORT(.ctors.*))
 *crtend.o(.ctors)
                0x0000000000003284                . = ALIGN (0x4)
 *(.fini)
 .fini          0x0000000000003284        0x4 /home/dave/opt/gcc-arm-none-eabi-6-2017-q1-update/bin/../lib/gcc/arm-none-eabi/6.3.1/thumb/v6-m/crti.o
                0x0000000000003284                _fini
 .fini          0x0000000000003288        0x8 /home/dave/opt/gcc-arm-none-eabi-6-2017-q1-update/bin/../lib/gcc/arm-none-eabi/6.3.1/thumb/v6-m/crtn.o
                0x0000000000003290                . = ALIGN (0x4)
                0x0000000000003290                __fini_array_start = .
 *(.fini_array)
 .fini_array    0x0000000000003290        0x4 /home/dave/opt/gcc-arm-none-eabi-6-2017-q1-update/bin/../lib/gcc/arm-none-eabi/6.3.1/thumb/v6-m/crtbegin.o
 *(SORT(.fini_array.*))
                0x0000000000003294                __fini_array_end = .
 *crtbegin.o(.dtors)
 *(EXCLUDE_FILE(*crtend.o) .dtors)
 *(SORT(.dtors.*))
 *crtend.o(.dtors)
                0x0000000000003294                . = ALIGN (0x4)
                0x0000000000003294                _efixed = .
                [!provide]                        PROVIDE (__exidx_start, .)

.vfp11_veneer   0x0000000000003294        0x0
 .vfp11_veneer  0x0000000000003294        0x0 linker stubs

.v4_bx          0x0000000000003294        0x0
 .v4_bx         0x0000000000003294        0x0 linker stubs

.iplt           0x0000000000003294        0x0
 .iplt          0x0000000000003294        0x0 /home/dave/opt/gcc-arm-none-eabi-6-2017-q1-update/bin/../lib/gcc/arm-none-eabi/6.3.1/thumb/v6-m/crtbegin.o

.eh_frame       0x0000000000003294        0x0
 .eh_frame      0x0000000000003294        0x0 /home/dave/opt/gcc-arm-none-eabi-6-2017-q1-update/bin/../lib/gcc/arm-none-eabi/6.3.1/thumb/v6-m/crtbegin.o

.rel.dyn        0x0000000000003294        0x0
 .rel.iplt      0x0000000000003294        0x0 /home/dave/opt/gcc-arm-none-eabi-6-2017-q1-update/bin/../lib/gcc/arm-none-eabi/6.3.1/thumb/v6-m/crtbegin.o

.jcr            0x0000000000003294        0x0
 .jcr           0x0000000000003294        0x0 /home/dave/opt/gcc-arm-none-eabi-6-2017-q1-update/bin/../lib/gcc/arm-none-eabi/6.3.1/thumb/v6-m/crtbegin.o

.igot.plt       0x0000000000003294        0x0
 .igot.plt      0x0000000000003294        0x0 /home/dave/opt/gcc-arm-none-eabi-6-2017-q1-update/bin/../lib/gcc/arm-none-eabi/6.3.1/thumb/v6-m/crtbegin.o

.ARM.exidx
 *(.ARM.exidx* .gnu.linkonce.armexidx.*)
                [!provide]                        PROVIDE (__exidx_end, .)
                0x0000000000003294                . = ALIGN (0x4)
                0x0000000000003294                _etext = .

.relocate       0x0000000020000000       0xe0 load address 0x0000000000003294
                0x0000000020000000                . = ALIGN (0x4)
                0x0000000020000000                _srelocate = .
 *(.ramfunc .ramfunc.*)
 *(.data .data.*)
 .data.ui_b_loopback
                0x0000000020000000        0x1 common/services/usb/class/vendor/device/example/samd21j18a_samd21_xplained_pro/ui.o
 *fill*         0x0000000020000001        0x3 
 .data.udi_api_vendor
                0x0000000020000004       0x14 common/services/usb/class/vendor/device/udi_vendor.o
                0x0000000020000004                udi_api_vendor
 .data.udc_config
                0x0000000020000018        0xc common/services/usb/class/vendor/device/udi_vendor_desc.o
                0x0000000020000018                udc_config
 .data.udc_config_lsfs
                0x0000000020000024        0x8 common/services/usb/class/vendor/device/udi_vendor_desc.o
                0x0000000020000024                udc_config_lsfs
 .data.udc_desc_fs
                0x000000002000002c       0x45 common/services/usb/class/vendor/device/udi_vendor_desc.o
                0x000000002000002c                udc_desc_fs
 *fill*         0x0000000020000071        0x3 
 .data.udc_device_desc
                0x0000000020000074       0x12 common/services/usb/class/vendor/device/udi_vendor_desc.o
                0x0000000020000074                udc_device_desc
 *fill*         0x0000000020000086        0x2 
 .data.udi_apis
                0x0000000020000088        0x4 common/services/usb/class/vendor/device/udi_vendor_desc.o
                0x0000000020000088                udi_apis
 .data.udc_string_desc
                0x000000002000008c       0x2a common/services/usb/udc/udc.o
 *fill*         0x00000000200000b6        0x2 
 .data.udc_string_desc_languageid
                0x00000000200000b8        0x4 common/services/usb/udc/udc.o
 .data.udc_string_manufacturer_name
                0x00000000200000bc        0xa common/services/usb/udc/udc.o
 *fill*         0x00000000200000c6        0x2 
 .data.udc_string_product_name
                0x00000000200000c8       0x15 common/services/usb/udc/udc.o
 .data.g_interrupt_enabled
                0x00000000200000dd        0x1 common/utils/interrupt/interrupt_sam_nvic.o
                0x00000000200000dd                g_interrupt_enabled
                0x00000000200000e0                . = ALIGN (0x4)
 *fill*         0x00000000200000de        0x2 
                0x00000000200000e0                _erelocate = .

.bss            0x00000000200000e0      0x9f8 load address 0x0000000000003374
                0x00000000200000e0                . = ALIGN (0x4)
                0x00000000200000e0                _sbss = .
                0x00000000200000e0                _szero = .
 *(.bss .bss.*)
 .bss           0x00000000200000e0       0x1c /home/dave/opt/gcc-arm-none-eabi-6-2017-q1-update/bin/../lib/gcc/arm-none-eabi/6.3.1/thumb/v6-m/crtbegin.o
 .bss.main_b_vendor_enable
                0x00000000200000fc        0x1 common/services/usb/class/vendor/device/example/main.o
 .bss.main_buf_iso_sel
                0x00000000200000fd        0x1 common/services/usb/class/vendor/device/example/main.o
 *fill*         0x00000000200000fe        0x2 
 .bss.main_buf_loopback
                0x0000000020000100      0x400 common/services/usb/class/vendor/device/example/main.o
 .bss.udi_vendor_alternate_setting
                0x0000000020000500        0x1 common/services/usb/class/vendor/device/udi_vendor.o
 *fill*         0x0000000020000501        0x1 
 .bss.udc_device_status
                0x0000000020000502        0x2 common/services/usb/udc/udc.o
 .bss.udc_ep_status.12044
                0x0000000020000504        0x2 common/services/usb/udc/udc.o
 *fill*         0x0000000020000506        0x2 
 .bss.udc_iface_setting
                0x0000000020000508        0x1 common/services/usb/udc/udc.o
 *fill*         0x0000000020000509        0x3 
 .bss.udc_num_configuration
                0x000000002000050c        0x1 common/services/usb/udc/udc.o
 *fill*         0x000000002000050d        0x3 
 .bss.udc_ptr_conf
                0x0000000020000510        0x4 common/services/usb/udc/udc.o
 .bss.udc_ptr_iface
                0x0000000020000514        0x4 common/services/usb/udc/udc.o
 .bss.cpu_irq_critical_section_counter
                0x0000000020000518        0x4 common/utils/interrupt/interrupt_sam_nvic.o
 .bss.cpu_irq_prev_interrupt_state
                0x000000002000051c        0x1 common/utils/interrupt/interrupt_sam_nvic.o
 *fill*         0x000000002000051d        0x3 
 .bss._system_clock_inst
                0x0000000020000520       0x18 sam0/drivers/system/clock/clock_samd21_r21_da_ha1/clock.o
 .bss.b_shortpacket.13328
                0x0000000020000538        0x1 sam0/drivers/usb/stack_interface/usb_device_udd.o
 *fill*         0x0000000020000539        0x1 
 .bss.udd_ctrl_payload_nb_trans
                0x000000002000053a        0x2 sam0/drivers/usb/stack_interface/usb_device_udd.o
 .bss.udd_ctrl_prev_payload_nb_trans
                0x000000002000053c        0x2 sam0/drivers/usb/stack_interface/usb_device_udd.o
 .bss.udd_ep_control_state
                0x000000002000053e        0x1 sam0/drivers/usb/stack_interface/usb_device_udd.o
 *fill*         0x000000002000053f        0x1 
 .bss.udd_ep_job
                0x0000000020000540       0xf0 sam0/drivers/usb/stack_interface/usb_device_udd.o
 .bss.udd_state.13185
                0x0000000020000630        0x1 sam0/drivers/usb/stack_interface/usb_device_udd.o
 *fill*         0x0000000020000631        0x3 
 .bss._usb_instances
                0x0000000020000634        0x4 sam0/drivers/usb/usb_sam_d_r/usb.o
 .bss.device_callback_lpm_wakeup_enable
                0x0000000020000638        0x4 sam0/drivers/usb/usb_sam_d_r/usb.o
 .bss.ep_callback_para
                0x000000002000063c        0x8 sam0/drivers/usb/usb_sam_d_r/usb.o
 .bss.host_pipe_job_busy_status
                0x0000000020000644        0x4 sam0/drivers/usb/usb_sam_d_r/usb.o
                0x0000000020000644                host_pipe_job_busy_status
 .bss.pipe_callback_para
                0x0000000020000648        0x6 sam0/drivers/usb/usb_sam_d_r/usb.o
 *(COMMON)
 *fill*         0x000000002000064e        0x2 
 COMMON         0x0000000020000650        0x5 common/services/sleepmgr/samd/sleepmgr.o
                0x0000000020000650                sleepmgr_locks
 COMMON         0x0000000020000655        0x1 sam0/drivers/extint/extint_callback.o
                0x0000000020000655                _current_channel
 *fill*         0x0000000020000656        0x2 
 COMMON         0x0000000020000658       0x40 sam0/drivers/extint/extint_sam_d_r_h/extint.o
                0x0000000020000658                _extint_dev
 COMMON         0x0000000020000698      0x340 sam0/drivers/usb/stack_interface/usb_device_udd.o
                0x0000000020000698                udd_ep_out_cache_buffer
                0x0000000020000818                usb_device
                0x0000000020000980                udd_g_ctrlreq
                0x0000000020000998                udd_ctrl_buffer
 COMMON         0x00000000200009d8      0x100 sam0/drivers/usb/usb_sam_d_r/usb.o
                0x00000000200009d8                usb_descriptor_table
                0x0000000020000ad8                . = ALIGN (0x4)
                0x0000000020000ad8                _ebss = .
                0x0000000020000ad8                _ezero = .

.stack          0x0000000020000ad8     0x2000 load address 0x0000000000003d6c
                0x0000000020000ad8                . = ALIGN (0x8)
                0x0000000020000ad8                _sstack = .
                0x0000000020002ad8                . = (. + STACK_SIZE)
 *fill*         0x0000000020000ad8     0x2000 
                0x0000000020002ad8                . = ALIGN (0x8)
                0x0000000020002ad8                _estack = .
                0x0000000020002ad8                . = ALIGN (0x4)
                0x0000000020002ad8                _end = .
LOAD common/services/sleepmgr/samd/sleepmgr.o
LOAD common/services/usb/class/vendor/device/example/main.o
LOAD common/services/usb/class/vendor/device/example/samd21j18a_samd21_xplained_pro/ui.o
LOAD common/services/usb/class/vendor/device/udi_vendor.o
LOAD common/services/usb/class/vendor/device/udi_vendor_desc.o
LOAD common/services/usb/udc/udc.o
LOAD common/utils/interrupt/interrupt_sam_nvic.o
LOAD sam0/boards/samd21_xplained_pro/board_init.o
LOAD sam0/drivers/extint/extint_callback.o
LOAD sam0/drivers/extint/extint_sam_d_r_h/extint.o
LOAD sam0/drivers/port/port.o
LOAD sam0/drivers/system/clock/clock_samd21_r21_da_ha1/clock.o
LOAD sam0/drivers/system/clock/clock_samd21_r21_da_ha1/gclk.o
LOAD sam0/drivers/system/interrupt/system_interrupt.o
LOAD sam0/drivers/system/pinmux/pinmux.o
LOAD sam0/drivers/system/system.o
LOAD sam0/drivers/usb/stack_interface/usb_device_udd.o
LOAD sam0/drivers/usb/stack_interface/usb_dual.o
LOAD sam0/drivers/usb/usb_sam_d_r/usb.o
LOAD sam0/utils/cmsis/samd21/source/gcc/startup_samd21.o
LOAD sam0/utils/cmsis/samd21/source/system_samd21.o
LOAD sam0/utils/syscalls/gcc/syscalls.o
LOAD ../../../../../../../../../thirdparty/CMSIS/Lib/GCC/libarm_cortexM0l_math.a
LOAD /home/dave/opt/gcc-arm-none-eabi-6-2017-q1-update/bin/../lib/gcc/arm-none-eabi/6.3.1/../../../../arm-none-eabi/lib/thumb/v6-m/libstdc++_nano.a
LOAD /home/dave/opt/gcc-arm-none-eabi-6-2017-q1-update/bin/../lib/gcc/arm-none-eabi/6.3.1/../../../../arm-none-eabi/lib/thumb/v6-m/libm.a
START GROUP
LOAD /home/dave/opt/gcc-arm-none-eabi-6-2017-q1-update/bin/../lib/gcc/arm-none-eabi/6.3.1/thumb/v6-m/libgcc.a
LOAD /home/dave/opt/gcc-arm-none-eabi-6-2017-q1-update/bin/../lib/gcc/arm-none-eabi/6.3.1/../../../../arm-none-eabi/lib/thumb/v6-m/libc_nano.a
END GROUP
START GROUP
LOAD /home/dave/opt/gcc-arm-none-eabi-6-2017-q1-update/bin/../lib/gcc/arm-none-eabi/6.3.1/thumb/v6-m/libgcc.a
LOAD /home/dave/opt/gcc-arm-none-eabi-6-2017-q1-update/bin/../lib/gcc/arm-none-eabi/6.3.1/../../../../arm-none-eabi/lib/thumb/v6-m/libc_nano.a
END GROUP
LOAD /home/dave/opt/gcc-arm-none-eabi-6-2017-q1-update/bin/../lib/gcc/arm-none-eabi/6.3.1/thumb/v6-m/crtend.o
LOAD /home/dave/opt/gcc-arm-none-eabi-6-2017-q1-update/bin/../lib/gcc/arm-none-eabi/6.3.1/thumb/v6-m/crtn.o
OUTPUT(device_example_flash.elf elf32-littlearm)

.ARM.attributes
                0x0000000000000000       0x28
 .ARM.attributes
                0x0000000000000000       0x1e /home/dave/opt/gcc-arm-none-eabi-6-2017-q1-update/bin/../lib/gcc/arm-none-eabi/6.3.1/thumb/v6-m/crti.o
 .ARM.attributes
                0x000000000000001e       0x2c /home/dave/opt/gcc-arm-none-eabi-6-2017-q1-update/bin/../lib/gcc/arm-none-eabi/6.3.1/thumb/v6-m/crtbegin.o
 .ARM.attributes
                0x000000000000004a       0x32 common/services/sleepmgr/samd/sleepmgr.o
 .ARM.attributes
                0x000000000000007c       0x32 common/services/usb/class/vendor/device/example/main.o
 .ARM.attributes
                0x00000000000000ae       0x32 common/services/usb/class/vendor/device/example/samd21j18a_samd21_xplained_pro/ui.o
 .ARM.attributes
                0x00000000000000e0       0x32 common/services/usb/class/vendor/device/udi_vendor.o
 .ARM.attributes
                0x0000000000000112       0x32 common/services/usb/class/vendor/device/udi_vendor_desc.o
 .ARM.attributes
                0x0000000000000144       0x32 common/services/usb/udc/udc.o
 .ARM.attributes
                0x0000000000000176       0x32 common/utils/interrupt/interrupt_sam_nvic.o
 .ARM.attributes
                0x00000000000001a8       0x32 sam0/boards/samd21_xplained_pro/board_init.o
 .ARM.attributes
                0x00000000000001da       0x32 sam0/drivers/extint/extint_callback.o
 .ARM.attributes
                0x000000000000020c       0x32 sam0/drivers/extint/extint_sam_d_r_h/extint.o
 .ARM.attributes
                0x000000000000023e       0x32 sam0/drivers/port/port.o
 .ARM.attributes
                0x0000000000000270       0x32 sam0/drivers/system/clock/clock_samd21_r21_da_ha1/clock.o
 .ARM.attributes
                0x00000000000002a2       0x32 sam0/drivers/system/clock/clock_samd21_r21_da_ha1/gclk.o
 .ARM.attributes
                0x00000000000002d4       0x32 sam0/drivers/system/pinmux/pinmux.o
 .ARM.attributes
                0x0000000000000306       0x32 sam0/drivers/system/system.o
 .ARM.attributes
                0x0000000000000338       0x32 sam0/drivers/usb/stack_interface/usb_device_udd.o
 .ARM.attributes
                0x000000000000036a       0x32 sam0/drivers/usb/usb_sam_d_r/usb.o
 .ARM.attributes
                0x000000000000039c       0x32 sam0/utils/cmsis/samd21/source/gcc/startup_samd21.o
 .ARM.attributes
                0x00000000000003ce       0x1e /home/dave/opt/gcc-arm-none-eabi-6-2017-q1-update/bin/../lib/gcc/arm-none-eabi/6.3.1/thumb/v6-m/libgcc.a(_udivsi3.o)
 .ARM.attributes
                0x00000000000003ec       0x1e /home/dave/opt/gcc-arm-none-eabi-6-2017-q1-update/bin/../lib/gcc/arm-none-eabi/6.3.1/thumb/v6-m/libgcc.a(_divsi3.o)
 .ARM.attributes
                0x000000000000040a       0x1e /home/dave/opt/gcc-arm-none-eabi-6-2017-q1-update/bin/../lib/gcc/arm-none-eabi/6.3.1/thumb/v6-m/libgcc.a(_dvmd_tls.o)
 .ARM.attributes
                0x0000000000000428       0x1e /home/dave/opt/gcc-arm-none-eabi-6-2017-q1-update/bin/../lib/gcc/arm-none-eabi/6.3.1/thumb/v6-m/libgcc.a(_ctzsi2.o)
 .ARM.attributes
                0x0000000000000446       0x2c /home/dave/opt/gcc-arm-none-eabi-6-2017-q1-update/bin/../lib/gcc/arm-none-eabi/6.3.1/../../../../arm-none-eabi/lib/thumb/v6-m/libc_nano.a(lib_a-init.o)
 .ARM.attributes
                0x0000000000000472       0x2c /home/dave/opt/gcc-arm-none-eabi-6-2017-q1-update/bin/../lib/gcc/arm-none-eabi/6.3.1/../../../../arm-none-eabi/lib/thumb/v6-m/libc_nano.a(lib_a-memcpy-stub.o)
 .ARM.attributes
                0x000000000000049e       0x2c /home/dave/opt/gcc-arm-none-eabi-6-2017-q1-update/bin/../lib/gcc/arm-none-eabi/6.3.1/../../../../arm-none-eabi/lib/thumb/v6-m/libc_nano.a(lib_a-memset.o)
 .ARM.attributes
                0x00000000000004ca       0x1e /home/dave/opt/gcc-arm-none-eabi-6-2017-q1-update/bin/../lib/gcc/arm-none-eabi/6.3.1/thumb/v6-m/crtn.o

.comment        0x0000000000000000       0x7f
 .comment       0x0000000000000000       0x7f common/services/sleepmgr/samd/sleepmgr.o
                                         0x80 (size before relaxing)
 .comment       0x000000000000007f       0x80 common/services/usb/class/vendor/device/example/main.o
 .comment       0x000000000000007f       0x80 common/services/usb/class/vendor/device/example/samd21j18a_samd21_xplained_pro/ui.o
 .comment       0x000000000000007f       0x80 common/services/usb/class/vendor/device/udi_vendor.o
 .comment       0x000000000000007f       0x80 common/services/usb/class/vendor/device/udi_vendor_desc.o
 .comment       0x000000000000007f       0x80 common/services/usb/udc/udc.o
 .comment       0x000000000000007f       0x80 common/utils/interrupt/interrupt_sam_nvic.o
 .comment       0x000000000000007f       0x80 sam0/boards/samd21_xplained_pro/board_init.o
 .comment       0x000000000000007f       0x80 sam0/drivers/extint/extint_callback.o
 .comment       0x000000000000007f       0x80 sam0/drivers/extint/extint_sam_d_r_h/extint.o
 .comment       0x000000000000007f       0x80 sam0/drivers/port/port.o
 .comment       0x000000000000007f       0x80 sam0/drivers/system/clock/clock_samd21_r21_da_ha1/clock.o
 .comment       0x000000000000007f       0x80 sam0/drivers/system/clock/clock_samd21_r21_da_ha1/gclk.o
 .comment       0x000000000000007f       0x80 sam0/drivers/system/pinmux/pinmux.o
 .comment       0x000000000000007f       0x80 sam0/drivers/system/system.o
 .comment       0x000000000000007f       0x80 sam0/drivers/usb/stack_interface/usb_device_udd.o
 .comment       0x000000000000007f       0x80 sam0/drivers/usb/usb_sam_d_r/usb.o
 .comment       0x000000000000007f       0x80 sam0/utils/cmsis/samd21/source/gcc/startup_samd21.o

.debug_info     0x0000000000000000    0x24d28
 .debug_info    0x0000000000000000      0x9a6 common/services/sleepmgr/samd/sleepmgr.o
 .debug_info    0x00000000000009a6     0x2ec5 common/services/usb/class/vendor/device/example/main.o
 .debug_info    0x000000000000386b     0x178f common/services/usb/class/vendor/device/example/samd21j18a_samd21_xplained_pro/ui.o
 .debug_info    0x0000000000004ffa     0x10c5 common/services/usb/class/vendor/device/udi_vendor.o
 .debug_info    0x00000000000060bf      0xf48 common/services/usb/class/vendor/device/udi_vendor_desc.o
 .debug_info    0x0000000000007007     0x18b0 common/services/usb/udc/udc.o
 .debug_info    0x00000000000088b7      0xa11 common/utils/interrupt/interrupt_sam_nvic.o
 .debug_info    0x00000000000092c8     0x1160 sam0/boards/samd21_xplained_pro/board_init.o
 .debug_info    0x000000000000a428     0x17b2 sam0/drivers/extint/extint_callback.o
 .debug_info    0x000000000000bbda     0x284e sam0/drivers/extint/extint_sam_d_r_h/extint.o
 .debug_info    0x000000000000e428     0x115f sam0/drivers/port/port.o
 .debug_info    0x000000000000f587     0x349d sam0/drivers/system/clock/clock_samd21_r21_da_ha1/clock.o
 .debug_info    0x0000000000012a24     0x1cc8 sam0/drivers/system/clock/clock_samd21_r21_da_ha1/gclk.o
 .debug_info    0x00000000000146ec     0x1298 sam0/drivers/system/pinmux/pinmux.o
 .debug_info    0x0000000000015984      0x980 sam0/drivers/system/system.o
 .debug_info    0x0000000000016304     0x670b sam0/drivers/usb/stack_interface/usb_device_udd.o
 .debug_info    0x000000000001ca0f     0x4d28 sam0/drivers/usb/usb_sam_d_r/usb.o
 .debug_info    0x0000000000021737     0x35f1 sam0/utils/cmsis/samd21/source/gcc/startup_samd21.o

.debug_abbrev   0x0000000000000000     0x3d5f
 .debug_abbrev  0x0000000000000000      0x1d0 common/services/sleepmgr/samd/sleepmgr.o
 .debug_abbrev  0x00000000000001d0      0x455 common/services/usb/class/vendor/device/example/main.o
 .debug_abbrev  0x0000000000000625      0x332 common/services/usb/class/vendor/device/example/samd21j18a_samd21_xplained_pro/ui.o
 .debug_abbrev  0x0000000000000957      0x2d3 common/services/usb/class/vendor/device/udi_vendor.o
 .debug_abbrev  0x0000000000000c2a      0x1f6 common/services/usb/class/vendor/device/udi_vendor_desc.o
 .debug_abbrev  0x0000000000000e20      0x40f common/services/usb/udc/udc.o
 .debug_abbrev  0x000000000000122f      0x248 common/utils/interrupt/interrupt_sam_nvic.o
 .debug_abbrev  0x0000000000001477      0x2f7 sam0/boards/samd21_xplained_pro/board_init.o
 .debug_abbrev  0x000000000000176e      0x34f sam0/drivers/extint/extint_callback.o
 .debug_abbrev  0x0000000000001abd      0x4a8 sam0/drivers/extint/extint_sam_d_r_h/extint.o
 .debug_abbrev  0x0000000000001f65      0x2b3 sam0/drivers/port/port.o
 .debug_abbrev  0x0000000000002218      0x4a2 sam0/drivers/system/clock/clock_samd21_r21_da_ha1/clock.o
 .debug_abbrev  0x00000000000026ba      0x404 sam0/drivers/system/clock/clock_samd21_r21_da_ha1/gclk.o
 .debug_abbrev  0x0000000000002abe      0x37d sam0/drivers/system/pinmux/pinmux.o
 .debug_abbrev  0x0000000000002e3b      0x1fd sam0/drivers/system/system.o
 .debug_abbrev  0x0000000000003038      0x5f6 sam0/drivers/usb/stack_interface/usb_device_udd.o
 .debug_abbrev  0x000000000000362e      0x4d3 sam0/drivers/usb/usb_sam_d_r/usb.o
 .debug_abbrev  0x0000000000003b01      0x25e sam0/utils/cmsis/samd21/source/gcc/startup_samd21.o

.debug_aranges  0x0000000000000000      0x6e8
 .debug_aranges
                0x0000000000000000       0x18 common/services/sleepmgr/samd/sleepmgr.o
 .debug_aranges
                0x0000000000000018       0x88 common/services/usb/class/vendor/device/example/main.o
 .debug_aranges
                0x00000000000000a0       0x40 common/services/usb/class/vendor/device/example/samd21j18a_samd21_xplained_pro/ui.o
 .debug_aranges
                0x00000000000000e0       0x68 common/services/usb/class/vendor/device/udi_vendor.o
 .debug_aranges
                0x0000000000000148       0x18 common/services/usb/class/vendor/device/udi_vendor_desc.o
 .debug_aranges
                0x0000000000000160       0x70 common/services/usb/udc/udc.o
 .debug_aranges
                0x00000000000001d0       0x28 common/utils/interrupt/interrupt_sam_nvic.o
 .debug_aranges
                0x00000000000001f8       0x20 sam0/boards/samd21_xplained_pro/board_init.o
 .debug_aranges
                0x0000000000000218       0x48 sam0/drivers/extint/extint_callback.o
 .debug_aranges
                0x0000000000000260       0x50 sam0/drivers/extint/extint_sam_d_r_h/extint.o
 .debug_aranges
                0x00000000000002b0       0x28 sam0/drivers/port/port.o
 .debug_aranges
                0x00000000000002d8       0x78 sam0/drivers/system/clock/clock_samd21_r21_da_ha1/clock.o
 .debug_aranges
                0x0000000000000350       0x80 sam0/drivers/system/clock/clock_samd21_r21_da_ha1/gclk.o
 .debug_aranges
                0x00000000000003d0       0x40 sam0/drivers/system/pinmux/pinmux.o
 .debug_aranges
                0x0000000000000410       0x28 sam0/drivers/system/system.o
 .debug_aranges
                0x0000000000000438      0x130 sam0/drivers/usb/stack_interface/usb_device_udd.o
 .debug_aranges
                0x0000000000000568      0x158 sam0/drivers/usb/usb_sam_d_r/usb.o
 .debug_aranges
                0x00000000000006c0       0x28 sam0/utils/cmsis/samd21/source/gcc/startup_samd21.o

.debug_macro    0x0000000000000000    0x1c3ad
 .debug_macro   0x0000000000000000      0x572 common/services/sleepmgr/samd/sleepmgr.o
 .debug_macro   0x0000000000000572      0x8bc common/services/sleepmgr/samd/sleepmgr.o
 .debug_macro   0x0000000000000e2e      0x16d common/services/sleepmgr/samd/sleepmgr.o
 .debug_macro   0x0000000000000f9b      0x64b common/services/sleepmgr/samd/sleepmgr.o
 .debug_macro   0x00000000000015e6       0x22 common/services/sleepmgr/samd/sleepmgr.o
 .debug_macro   0x0000000000001608       0x87 common/services/sleepmgr/samd/sleepmgr.o
 .debug_macro   0x000000000000168f       0x51 common/services/sleepmgr/samd/sleepmgr.o
 .debug_macro   0x00000000000016e0       0xef common/services/sleepmgr/samd/sleepmgr.o
 .debug_macro   0x00000000000017cf       0x6a common/services/sleepmgr/samd/sleepmgr.o
 .debug_macro   0x0000000000001839      0x1df common/services/sleepmgr/samd/sleepmgr.o
 .debug_macro   0x0000000000001a18       0x10 common/services/sleepmgr/samd/sleepmgr.o
 .debug_macro   0x0000000000001a28       0x76 common/services/sleepmgr/samd/sleepmgr.o
 .debug_macro   0x0000000000001a9e       0x16 common/services/sleepmgr/samd/sleepmgr.o
 .debug_macro   0x0000000000001ab4      0x6e5 common/services/sleepmgr/samd/sleepmgr.o
 .debug_macro   0x0000000000002199      0xde2 common/services/sleepmgr/samd/sleepmgr.o
 .debug_macro   0x0000000000002f7b       0x22 common/services/sleepmgr/samd/sleepmgr.o
 .debug_macro   0x0000000000002f9d       0x40 common/services/sleepmgr/samd/sleepmgr.o
 .debug_macro   0x0000000000002fdd       0x3a common/services/sleepmgr/samd/sleepmgr.o
 .debug_macro   0x0000000000003017       0x1f common/services/sleepmgr/samd/sleepmgr.o
 .debug_macro   0x0000000000003036      0x250 common/services/sleepmgr/samd/sleepmgr.o
 .debug_macro   0x0000000000003286      0x682 common/services/sleepmgr/samd/sleepmgr.o
 .debug_macro   0x0000000000003908      0x8bf common/services/sleepmgr/samd/sleepmgr.o
 .debug_macro   0x00000000000041c7      0x235 common/services/sleepmgr/samd/sleepmgr.o
 .debug_macro   0x00000000000043fc      0xd6a common/services/sleepmgr/samd/sleepmgr.o
 .debug_macro   0x0000000000005166      0x4ce common/services/sleepmgr/samd/sleepmgr.o
 .debug_macro   0x0000000000005634      0x9f8 common/services/sleepmgr/samd/sleepmgr.o
 .debug_macro   0x000000000000602c      0x82b common/services/sleepmgr/samd/sleepmgr.o
 .debug_macro   0x0000000000006857      0x45f common/services/sleepmgr/samd/sleepmgr.o
 .debug_macro   0x0000000000006cb6       0x5e common/services/sleepmgr/samd/sleepmgr.o
 .debug_macro   0x0000000000006d14      0x906 common/services/sleepmgr/samd/sleepmgr.o
 .debug_macro   0x000000000000761a      0x225 common/services/sleepmgr/samd/sleepmgr.o
 .debug_macro   0x000000000000783f      0x963 common/services/sleepmgr/samd/sleepmgr.o
 .debug_macro   0x00000000000081a2       0x5e common/services/sleepmgr/samd/sleepmgr.o
 .debug_macro   0x0000000000008200      0x671 common/services/sleepmgr/samd/sleepmgr.o
 .debug_macro   0x0000000000008871      0x3af common/services/sleepmgr/samd/sleepmgr.o
 .debug_macro   0x0000000000008c20      0xc7f common/services/sleepmgr/samd/sleepmgr.o
 .debug_macro   0x000000000000989f     0x1092 common/services/sleepmgr/samd/sleepmgr.o
 .debug_macro   0x000000000000a931      0xc4a common/services/sleepmgr/samd/sleepmgr.o
 .debug_macro   0x000000000000b57b      0x6bf common/services/sleepmgr/samd/sleepmgr.o
 .debug_macro   0x000000000000bc3a     0x1bc9 common/services/sleepmgr/samd/sleepmgr.o
 .debug_macro   0x000000000000d803     0x144a common/services/sleepmgr/samd/sleepmgr.o
 .debug_macro   0x000000000000ec4d      0x34e common/services/sleepmgr/samd/sleepmgr.o
 .debug_macro   0x000000000000ef9b       0x7c common/services/sleepmgr/samd/sleepmgr.o
 .debug_macro   0x000000000000f017       0xa0 common/services/sleepmgr/samd/sleepmgr.o
 .debug_macro   0x000000000000f0b7       0x4c common/services/sleepmgr/samd/sleepmgr.o
 .debug_macro   0x000000000000f103       0xca common/services/sleepmgr/samd/sleepmgr.o
 .debug_macro   0x000000000000f1cd       0x94 common/services/sleepmgr/samd/sleepmgr.o
 .debug_macro   0x000000000000f261       0x58 common/services/sleepmgr/samd/sleepmgr.o
 .debug_macro   0x000000000000f2b9      0x387 common/services/sleepmgr/samd/sleepmgr.o
 .debug_macro   0x000000000000f640       0x82 common/services/sleepmgr/samd/sleepmgr.o
 .debug_macro   0x000000000000f6c2      0x197 common/services/sleepmgr/samd/sleepmgr.o
 .debug_macro   0x000000000000f859       0xb8 common/services/sleepmgr/samd/sleepmgr.o
 .debug_macro   0x000000000000f911       0xa0 common/services/sleepmgr/samd/sleepmgr.o
 .debug_macro   0x000000000000f9b1       0xb8 common/services/sleepmgr/samd/sleepmgr.o
 .debug_macro   0x000000000000fa69       0x1c common/services/sleepmgr/samd/sleepmgr.o
 .debug_macro   0x000000000000fa85       0x1c common/services/sleepmgr/samd/sleepmgr.o
 .debug_macro   0x000000000000faa1       0x1c common/services/sleepmgr/samd/sleepmgr.o
 .debug_macro   0x000000000000fabd       0x82 common/services/sleepmgr/samd/sleepmgr.o
 .debug_macro   0x000000000000fb3f      0x161 common/services/sleepmgr/samd/sleepmgr.o
 .debug_macro   0x000000000000fca0       0xdc common/services/sleepmgr/samd/sleepmgr.o
 .debug_macro   0x000000000000fd7c      0x12f common/services/sleepmgr/samd/sleepmgr.o
 .debug_macro   0x000000000000feab      0x12f common/services/sleepmgr/samd/sleepmgr.o
 .debug_macro   0x000000000000ffda      0x12f common/services/sleepmgr/samd/sleepmgr.o
 .debug_macro   0x0000000000010109      0x12f common/services/sleepmgr/samd/sleepmgr.o
 .debug_macro   0x0000000000010238      0x12f common/services/sleepmgr/samd/sleepmgr.o
 .debug_macro   0x0000000000010367      0x12f common/services/sleepmgr/samd/sleepmgr.o
 .debug_macro   0x0000000000010496      0x124 common/services/sleepmgr/samd/sleepmgr.o
 .debug_macro   0x00000000000105ba       0xe2 common/services/sleepmgr/samd/sleepmgr.o
 .debug_macro   0x000000000001069c       0xe2 common/services/sleepmgr/samd/sleepmgr.o
 .debug_macro   0x000000000001077e       0xe2 common/services/sleepmgr/samd/sleepmgr.o
 .debug_macro   0x0000000000010860       0xe2 common/services/sleepmgr/samd/sleepmgr.o
 .debug_macro   0x0000000000010942       0xe2 common/services/sleepmgr/samd/sleepmgr.o
 .debug_macro   0x0000000000010a24      0x133 common/services/sleepmgr/samd/sleepmgr.o
 .debug_macro   0x0000000000010b57      0x106 common/services/sleepmgr/samd/sleepmgr.o
 .debug_macro   0x0000000000010c5d       0xfa common/services/sleepmgr/samd/sleepmgr.o
 .debug_macro   0x0000000000010d57      0x40f common/services/sleepmgr/samd/sleepmgr.o
 .debug_macro   0x0000000000011166       0x40 common/services/sleepmgr/samd/sleepmgr.o
 .debug_macro   0x00000000000111a6      0x37d common/services/sleepmgr/samd/sleepmgr.o
 .debug_macro   0x0000000000011523     0x1e5c common/services/sleepmgr/samd/sleepmgr.o
 .debug_macro   0x000000000001337f       0x6d common/services/sleepmgr/samd/sleepmgr.o
 .debug_macro   0x00000000000133ec       0x58 common/services/sleepmgr/samd/sleepmgr.o
 .debug_macro   0x0000000000013444       0x35 common/services/sleepmgr/samd/sleepmgr.o
 .debug_macro   0x0000000000013479       0x9c common/services/sleepmgr/samd/sleepmgr.o
 .debug_macro   0x0000000000013515       0x16 common/services/sleepmgr/samd/sleepmgr.o
 .debug_macro   0x000000000001352b       0x35 common/services/sleepmgr/samd/sleepmgr.o
 .debug_macro   0x0000000000013560      0x330 common/services/sleepmgr/samd/sleepmgr.o
 .debug_macro   0x0000000000013890       0x10 common/services/sleepmgr/samd/sleepmgr.o
 .debug_macro   0x00000000000138a0       0x58 common/services/sleepmgr/samd/sleepmgr.o
 .debug_macro   0x00000000000138f8       0x1f common/services/sleepmgr/samd/sleepmgr.o
 .debug_macro   0x0000000000013917       0x43 common/services/sleepmgr/samd/sleepmgr.o
 .debug_macro   0x000000000001395a       0x20 common/services/sleepmgr/samd/sleepmgr.o
 .debug_macro   0x000000000001397a      0x187 common/services/sleepmgr/samd/sleepmgr.o
 .debug_macro   0x0000000000013b01       0x10 common/services/sleepmgr/samd/sleepmgr.o
 .debug_macro   0x0000000000013b11       0x1c common/services/sleepmgr/samd/sleepmgr.o
 .debug_macro   0x0000000000013b2d       0x52 common/services/sleepmgr/samd/sleepmgr.o
 .debug_macro   0x0000000000013b7f       0x40 common/services/sleepmgr/samd/sleepmgr.o
 .debug_macro   0x0000000000013bbf       0x10 common/services/sleepmgr/samd/sleepmgr.o
 .debug_macro   0x0000000000013bcf       0x40 common/services/sleepmgr/samd/sleepmgr.o
 .debug_macro   0x0000000000013c0f       0xd7 common/services/sleepmgr/samd/sleepmgr.o
 .debug_macro   0x0000000000013ce6       0x16 common/services/sleepmgr/samd/sleepmgr.o
 .debug_macro   0x0000000000013cfc      0x18b common/services/sleepmgr/samd/sleepmgr.o
 .debug_macro   0x0000000000013e87       0x16 common/services/sleepmgr/samd/sleepmgr.o
 .debug_macro   0x0000000000013e9d       0x16 common/services/sleepmgr/samd/sleepmgr.o
 .debug_macro   0x0000000000013eb3       0x29 common/services/sleepmgr/samd/sleepmgr.o
 .debug_macro   0x0000000000013edc       0x51 common/services/sleepmgr/samd/sleepmgr.o
 .debug_macro   0x0000000000013f2d       0x3f common/services/sleepmgr/samd/sleepmgr.o
 .debug_macro   0x0000000000013f6c      0x3df common/services/sleepmgr/samd/sleepmgr.o
 .debug_macro   0x000000000001434b       0x10 common/services/sleepmgr/samd/sleepmgr.o
 .debug_macro   0x000000000001435b       0x11 common/services/sleepmgr/samd/sleepmgr.o
 .debug_macro   0x000000000001436c       0x18 common/services/sleepmgr/samd/sleepmgr.o
 .debug_macro   0x0000000000014384       0x16 common/services/sleepmgr/samd/sleepmgr.o
 .debug_macro   0x000000000001439a      0x6b7 common/services/usb/class/vendor/device/example/main.o
 .debug_macro   0x0000000000014a51       0x19 common/services/usb/class/vendor/device/example/main.o
 .debug_macro   0x0000000000014a6a      0x2c6 common/services/usb/class/vendor/device/example/main.o
 .debug_macro   0x0000000000014d30       0x10 common/services/usb/class/vendor/device/example/main.o
 .debug_macro   0x0000000000014d40      0x9f7 common/services/usb/class/vendor/device/example/main.o
 .debug_macro   0x0000000000015737       0x18 common/services/usb/class/vendor/device/example/main.o
 .debug_macro   0x000000000001574f       0x22 common/services/usb/class/vendor/device/example/main.o
 .debug_macro   0x0000000000015771       0x2e common/services/usb/class/vendor/device/example/main.o
 .debug_macro   0x000000000001579f       0x9a common/services/usb/class/vendor/device/example/main.o
 .debug_macro   0x0000000000015839       0x52 common/services/usb/class/vendor/device/example/main.o
 .debug_macro   0x000000000001588b      0x24b common/services/usb/class/vendor/device/example/main.o
 .debug_macro   0x0000000000015ad6      0x162 common/services/usb/class/vendor/device/example/main.o
 .debug_macro   0x0000000000015c38       0x1c common/services/usb/class/vendor/device/example/main.o
 .debug_macro   0x0000000000015c54       0x16 common/services/usb/class/vendor/device/example/main.o
 .debug_macro   0x0000000000015c6a       0x1c common/services/usb/class/vendor/device/example/main.o
 .debug_macro   0x0000000000015c86       0x78 common/services/usb/class/vendor/device/example/main.o
 .debug_macro   0x0000000000015cfe      0x6b1 common/services/usb/class/vendor/device/example/samd21j18a_samd21_xplained_pro/ui.o
 .debug_macro   0x00000000000163af      0x5da common/services/usb/class/vendor/device/udi_vendor.o
 .debug_macro   0x0000000000016989       0x94 common/services/usb/class/vendor/device/udi_vendor.o
 .debug_macro   0x0000000000016a1d       0x16 common/services/usb/class/vendor/device/udi_vendor.o
 .debug_macro   0x0000000000016a33      0x5b1 common/services/usb/class/vendor/device/udi_vendor_desc.o
 .debug_macro   0x0000000000016fe4      0x5cc common/services/usb/udc/udc.o
 .debug_macro   0x00000000000175b0      0x512 common/utils/interrupt/interrupt_sam_nvic.o
 .debug_macro   0x0000000000017ac2      0x54d sam0/boards/samd21_xplained_pro/board_init.o
 .debug_macro   0x000000000001800f       0x12 sam0/boards/samd21_xplained_pro/board_init.o
 .debug_macro   0x0000000000018021      0x537 sam0/drivers/extint/extint_callback.o
 .debug_macro   0x0000000000018558      0x591 sam0/drivers/extint/extint_sam_d_r_h/extint.o
 .debug_macro   0x0000000000018ae9       0x1f sam0/drivers/extint/extint_sam_d_r_h/extint.o
 .debug_macro   0x0000000000018b08       0x10 sam0/drivers/extint/extint_sam_d_r_h/extint.o
 .debug_macro   0x0000000000018b18      0x52c sam0/drivers/port/port.o
 .debug_macro   0x0000000000019044      0x591 sam0/drivers/system/clock/clock_samd21_r21_da_ha1/clock.o
 .debug_macro   0x00000000000195d5      0x29d sam0/drivers/system/clock/clock_samd21_r21_da_ha1/clock.o
 .debug_macro   0x0000000000019872      0x548 sam0/drivers/system/clock/clock_samd21_r21_da_ha1/gclk.o
 .debug_macro   0x0000000000019dba      0x522 sam0/drivers/system/pinmux/pinmux.o
 .debug_macro   0x000000000001a2dc       0x12 sam0/drivers/system/pinmux/pinmux.o
 .debug_macro   0x000000000001a2ee      0x555 sam0/drivers/system/system.o
 .debug_macro   0x000000000001a843      0x6e0 sam0/drivers/usb/stack_interface/usb_device_udd.o
 .debug_macro   0x000000000001af23       0x52 sam0/drivers/usb/stack_interface/usb_device_udd.o
 .debug_macro   0x000000000001af75       0x8d sam0/drivers/usb/stack_interface/usb_device_udd.o
 .debug_macro   0x000000000001b002       0x57 sam0/drivers/usb/stack_interface/usb_device_udd.o
 .debug_macro   0x000000000001b059       0x10 sam0/drivers/usb/stack_interface/usb_device_udd.o
 .debug_macro   0x000000000001b069       0x1c sam0/drivers/usb/stack_interface/usb_device_udd.o
 .debug_macro   0x000000000001b085      0x9fd sam0/drivers/usb/stack_interface/usb_device_udd.o
 .debug_macro   0x000000000001ba82       0x1c sam0/drivers/usb/stack_interface/usb_device_udd.o
 .debug_macro   0x000000000001ba9e      0x5dc sam0/drivers/usb/usb_sam_d_r/usb.o
 .debug_macro   0x000000000001c07a      0x2f9 sam0/utils/cmsis/samd21/source/gcc/startup_samd21.o
 .debug_macro   0x000000000001c373       0x3a sam0/utils/cmsis/samd21/source/gcc/startup_samd21.o

.debug_line     0x0000000000000000     0xe368
 .debug_line    0x0000000000000000      0xb95 common/services/sleepmgr/samd/sleepmgr.o
 .debug_line    0x0000000000000b95     0x121d common/services/usb/class/vendor/device/example/main.o
 .debug_line    0x0000000000001db2     0x10bf common/services/usb/class/vendor/device/example/samd21j18a_samd21_xplained_pro/ui.o
 .debug_line    0x0000000000002e71      0xb91 common/services/usb/class/vendor/device/udi_vendor.o
 .debug_line    0x0000000000003a02      0xa9a common/services/usb/class/vendor/device/udi_vendor_desc.o
 .debug_line    0x000000000000449c      0xccd common/services/usb/udc/udc.o
 .debug_line    0x0000000000005169      0x930 common/utils/interrupt/interrupt_sam_nvic.o
 .debug_line    0x0000000000005a99      0xa73 sam0/boards/samd21_xplained_pro/board_init.o
 .debug_line    0x000000000000650c      0xa52 sam0/drivers/extint/extint_callback.o
 .debug_line    0x0000000000006f5e      0xd8f sam0/drivers/extint/extint_sam_d_r_h/extint.o
 .debug_line    0x0000000000007ced      0x97c sam0/drivers/port/port.o
 .debug_line    0x0000000000008669      0xda2 sam0/drivers/system/clock/clock_samd21_r21_da_ha1/clock.o
 .debug_line    0x000000000000940b      0xd19 sam0/drivers/system/clock/clock_samd21_r21_da_ha1/gclk.o
 .debug_line    0x000000000000a124      0x9b8 sam0/drivers/system/pinmux/pinmux.o
 .debug_line    0x000000000000aadc      0xab3 sam0/drivers/system/system.o
 .debug_line    0x000000000000b58f     0x1621 sam0/drivers/usb/stack_interface/usb_device_udd.o
 .debug_line    0x000000000000cbb0     0x114a sam0/drivers/usb/usb_sam_d_r/usb.o
 .debug_line    0x000000000000dcfa      0x66e sam0/utils/cmsis/samd21/source/gcc/startup_samd21.o

.debug_str      0x0000000000000000    0x90924
 .debug_str     0x0000000000000000    0x81dca common/services/sleepmgr/samd/sleepmgr.o
                                      0x82688 (size before relaxing)
 .debug_str     0x0000000000081dca     0x7a75 common/services/usb/class/vendor/device/example/main.o
                                      0x8a190 (size before relaxing)
 .debug_str     0x000000000008983f      0x277 common/services/usb/class/vendor/device/example/samd21j18a_samd21_xplained_pro/ui.o
                                      0x896b1 (size before relaxing)
 .debug_str     0x0000000000089ab6      0x115 common/services/usb/class/vendor/device/udi_vendor.o
                                      0x8520e (size before relaxing)
 .debug_str     0x0000000000089bcb      0x339 common/services/usb/class/vendor/device/udi_vendor_desc.o
                                      0x852f2 (size before relaxing)
 .debug_str     0x0000000000089f04      0x7b7 common/services/usb/udc/udc.o
                                      0x85940 (size before relaxing)
 .debug_str     0x000000000008a6bb       0x83 common/utils/interrupt/interrupt_sam_nvic.o
                                      0x824d4 (size before relaxing)
 .debug_str     0x000000000008a73e      0x155 sam0/boards/samd21_xplained_pro/board_init.o
                                      0x861e4 (size before relaxing)
 .debug_str     0x000000000008a893      0x4b5 sam0/drivers/extint/extint_callback.o
                                      0x82d17 (size before relaxing)
 .debug_str     0x000000000008ad48      0xa07 sam0/drivers/extint/extint_sam_d_r_h/extint.o
                                      0x83d43 (size before relaxing)
 .debug_str     0x000000000008b74f       0x6e sam0/drivers/port/port.o
                                      0x82900 (size before relaxing)
 .debug_str     0x000000000008b7bd     0x2756 sam0/drivers/system/clock/clock_samd21_r21_da_ha1/clock.o
                                      0x856f1 (size before relaxing)
 .debug_str     0x000000000008df13      0x239 sam0/drivers/system/clock/clock_samd21_r21_da_ha1/gclk.o
                                      0x83197 (size before relaxing)
 .debug_str     0x000000000008e14c      0x189 sam0/drivers/system/pinmux/pinmux.o
                                      0x82976 (size before relaxing)
 .debug_str     0x000000000008e2d5       0x4b sam0/drivers/system/system.o
                                      0x825b1 (size before relaxing)
 .debug_str     0x000000000008e320     0x14e8 sam0/drivers/usb/stack_interface/usb_device_udd.o
                                      0x8b92d (size before relaxing)
 .debug_str     0x000000000008f808      0x83f sam0/drivers/usb/usb_sam_d_r/usb.o
                                      0x84fbc (size before relaxing)
 .debug_str     0x0000000000090047      0x8dd sam0/utils/cmsis/samd21/source/gcc/startup_samd21.o
                                      0x6e3d3 (size before relaxing)

.debug_loc      0x0000000000000000     0x4feb
 .debug_loc     0x0000000000000000      0x510 common/services/usb/class/vendor/device/example/main.o
 .debug_loc     0x0000000000000510      0x175 common/services/usb/class/vendor/device/example/samd21j18a_samd21_xplained_pro/ui.o
 .debug_loc     0x0000000000000685      0x31e common/services/usb/class/vendor/device/udi_vendor.o
 .debug_loc     0x00000000000009a3      0x36c common/services/usb/udc/udc.o
 .debug_loc     0x0000000000000d0f       0x5f sam0/boards/samd21_xplained_pro/board_init.o
 .debug_loc     0x0000000000000d6e      0x28c sam0/drivers/extint/extint_callback.o
 .debug_loc     0x0000000000000ffa      0x379 sam0/drivers/extint/extint_sam_d_r_h/extint.o
 .debug_loc     0x0000000000001373       0xe5 sam0/drivers/port/port.o
 .debug_loc     0x0000000000001458      0xe1e sam0/drivers/system/clock/clock_samd21_r21_da_ha1/clock.o
 .debug_loc     0x0000000000002276      0x384 sam0/drivers/system/clock/clock_samd21_r21_da_ha1/gclk.o
 .debug_loc     0x00000000000025fa      0x2d6 sam0/drivers/system/pinmux/pinmux.o
 .debug_loc     0x00000000000028d0      0xf2c sam0/drivers/usb/stack_interface/usb_device_udd.o
 .debug_loc     0x00000000000037fc     0x17cf sam0/drivers/usb/usb_sam_d_r/usb.o
 .debug_loc     0x0000000000004fcb       0x20 sam0/utils/cmsis/samd21/source/gcc/startup_samd21.o

.debug_ranges   0x0000000000000000      0x7c0
 .debug_ranges  0x0000000000000000       0xd0 common/services/usb/class/vendor/device/example/main.o
 .debug_ranges  0x00000000000000d0       0x30 common/services/usb/class/vendor/device/example/samd21j18a_samd21_xplained_pro/ui.o
 .debug_ranges  0x0000000000000100       0x58 common/services/usb/class/vendor/device/udi_vendor.o
 .debug_ranges  0x0000000000000158       0xc8 common/services/usb/udc/udc.o
 .debug_ranges  0x0000000000000220       0x18 common/utils/interrupt/interrupt_sam_nvic.o
 .debug_ranges  0x0000000000000238       0x10 sam0/boards/samd21_xplained_pro/board_init.o
 .debug_ranges  0x0000000000000248       0x90 sam0/drivers/extint/extint_callback.o
 .debug_ranges  0x00000000000002d8       0x40 sam0/drivers/extint/extint_sam_d_r_h/extint.o
 .debug_ranges  0x0000000000000318       0x18 sam0/drivers/port/port.o
 .debug_ranges  0x0000000000000330       0x68 sam0/drivers/system/clock/clock_samd21_r21_da_ha1/clock.o
 .debug_ranges  0x0000000000000398       0x88 sam0/drivers/system/clock/clock_samd21_r21_da_ha1/gclk.o
 .debug_ranges  0x0000000000000420       0x30 sam0/drivers/system/pinmux/pinmux.o
 .debug_ranges  0x0000000000000450       0x18 sam0/drivers/system/system.o
 .debug_ranges  0x0000000000000468      0x1b0 sam0/drivers/usb/stack_interface/usb_device_udd.o
 .debug_ranges  0x0000000000000618      0x190 sam0/drivers/usb/usb_sam_d_r/usb.o
 .debug_ranges  0x00000000000007a8       0x18 sam0/utils/cmsis/samd21/source/gcc/startup_samd21.o

.debug_frame    0x0000000000000000     0x1144
 .debug_frame   0x0000000000000000      0x16c common/services/usb/class/vendor/device/example/main.o
 .debug_frame   0x000000000000016c       0x68 common/services/usb/class/vendor/device/example/samd21j18a_samd21_xplained_pro/ui.o
 .debug_frame   0x00000000000001d4       0xf8 common/services/usb/class/vendor/device/udi_vendor.o
 .debug_frame   0x00000000000002cc      0x128 common/services/usb/udc/udc.o
 .debug_frame   0x00000000000003f4       0x30 common/utils/interrupt/interrupt_sam_nvic.o
 .debug_frame   0x0000000000000424       0x30 sam0/boards/samd21_xplained_pro/board_init.o
 .debug_frame   0x0000000000000454       0x7c sam0/drivers/extint/extint_callback.o
 .debug_frame   0x00000000000004d0       0xb8 sam0/drivers/extint/extint_sam_d_r_h/extint.o
 .debug_frame   0x0000000000000588       0x44 sam0/drivers/port/port.o
 .debug_frame   0x00000000000005cc      0x14c sam0/drivers/system/clock/clock_samd21_r21_da_ha1/clock.o
 .debug_frame   0x0000000000000718      0x148 sam0/drivers/system/clock/clock_samd21_r21_da_ha1/gclk.o
 .debug_frame   0x0000000000000860       0x98 sam0/drivers/system/pinmux/pinmux.o
 .debug_frame   0x00000000000008f8       0x38 sam0/drivers/system/system.o
 .debug_frame   0x0000000000000930      0x368 sam0/drivers/usb/stack_interface/usb_device_udd.o
 .debug_frame   0x0000000000000c98      0x3b8 sam0/drivers/usb/usb_sam_d_r/usb.o
 .debug_frame   0x0000000000001050       0x40 sam0/utils/cmsis/samd21/source/gcc/startup_samd21.o
 .debug_frame   0x0000000000001090       0x20 /home/dave/opt/gcc-arm-none-eabi-6-2017-q1-update/bin/../lib/gcc/arm-none-eabi/6.3.1/thumb/v6-m/libgcc.a(_udivsi3.o)
 .debug_frame   0x00000000000010b0       0x20 /home/dave/opt/gcc-arm-none-eabi-6-2017-q1-update/bin/../lib/gcc/arm-none-eabi/6.3.1/thumb/v6-m/libgcc.a(_divsi3.o)
 .debug_frame   0x00000000000010d0       0x2c /home/dave/opt/gcc-arm-none-eabi-6-2017-q1-update/bin/../lib/gcc/arm-none-eabi/6.3.1/../../../../arm-none-eabi/lib/thumb/v6-m/libc_nano.a(lib_a-init.o)
 .debug_frame   0x00000000000010fc       0x28 /home/dave/opt/gcc-arm-none-eabi-6-2017-q1-update/bin/../lib/gcc/arm-none-eabi/6.3.1/../../../../arm-none-eabi/lib/thumb/v6-m/libc_nano.a(lib_a-memcpy-stub.o)
 .debug_frame   0x0000000000001124       0x20 /home/dave/opt/gcc-arm-none-eabi-6-2017-q1-update/bin/../lib/gcc/arm-none-eabi/6.3.1/../../../../arm-none-eabi/lib/thumb/v6-m/libc_nano.a(lib_a-memset.o)

Cross Reference Table

Symbol                                            File
AC_Handler                                        sam0/utils/cmsis/samd21/source/gcc/startup_samd21.o
ADC_Handler                                       sam0/utils/cmsis/samd21/source/gcc/startup_samd21.o
DAC_Handler                                       sam0/utils/cmsis/samd21/source/gcc/startup_samd21.o
DMAC_Handler                                      sam0/utils/cmsis/samd21/source/gcc/startup_samd21.o
Dummy_Handler                                     sam0/utils/cmsis/samd21/source/gcc/startup_samd21.o
EIC_Handler                                       sam0/drivers/extint/extint_callback.o
EVSYS_Handler                                     sam0/utils/cmsis/samd21/source/gcc/startup_samd21.o
HardFault_Handler                                 sam0/utils/cmsis/samd21/source/gcc/startup_samd21.o
I2S_Handler                                       sam0/utils/cmsis/samd21/source/gcc/startup_samd21.o
NMI_Handler                                       sam0/utils/cmsis/samd21/source/gcc/startup_samd21.o
NVMCTRL_Handler                                   sam0/utils/cmsis/samd21/source/gcc/startup_samd21.o
PM_Handler                                        sam0/utils/cmsis/samd21/source/gcc/startup_samd21.o
PTC_Handler                                       sam0/utils/cmsis/samd21/source/gcc/startup_samd21.o
PendSV_Handler                                    sam0/utils/cmsis/samd21/source/gcc/startup_samd21.o
RTC_Handler                                       sam0/utils/cmsis/samd21/source/gcc/startup_samd21.o
Reset_Handler                                     sam0/utils/cmsis/samd21/source/gcc/startup_samd21.o
SERCOM0_Handler                                   sam0/utils/cmsis/samd21/source/gcc/startup_samd21.o
SERCOM1_Handler                                   sam0/utils/cmsis/samd21/source/gcc/startup_samd21.o
SERCOM2_Handler                                   sam0/utils/cmsis/samd21/source/gcc/startup_samd21.o
SERCOM3_Handler                                   sam0/utils/cmsis/samd21/source/gcc/startup_samd21.o
SERCOM4_Handler                                   sam0/utils/cmsis/samd21/source/gcc/startup_samd21.o
SERCOM5_Handler                                   sam0/utils/cmsis/samd21/source/gcc/startup_samd21.o
SVC_Handler                                       sam0/utils/cmsis/samd21/source/gcc/startup_samd21.o
SYSCTRL_Handler                                   sam0/utils/cmsis/samd21/source/gcc/startup_samd21.o
SysTick_Handler                                   sam0/utils/cmsis/samd21/source/gcc/startup_samd21.o
SystemCoreClock                                   sam0/utils/cmsis/samd21/source/system_samd21.o
SystemCoreClockUpdate                             sam0/utils/cmsis/samd21/source/system_samd21.o
SystemInit                                        sam0/utils/cmsis/samd21/source/system_samd21.o
TC3_Handler                                       sam0/utils/cmsis/samd21/source/gcc/startup_samd21.o
TC4_Handler                                       sam0/utils/cmsis/samd21/source/gcc/startup_samd21.o
TC5_Handler                                       sam0/utils/cmsis/samd21/source/gcc/startup_samd21.o
TC6_Handler                                       sam0/utils/cmsis/samd21/source/gcc/startup_samd21.o
TC7_Handler                                       sam0/utils/cmsis/samd21/source/gcc/startup_samd21.o
TCC0_Handler                                      sam0/utils/cmsis/samd21/source/gcc/startup_samd21.o
TCC1_Handler                                      sam0/utils/cmsis/samd21/source/gcc/startup_samd21.o
TCC2_Handler                                      sam0/utils/cmsis/samd21/source/gcc/startup_samd21.o
USB_Handler                                       sam0/drivers/usb/usb_sam_d_r/usb.o
WDT_Handler                                       sam0/utils/cmsis/samd21/source/gcc/startup_samd21.o
_Jv_RegisterClasses                               /home/dave/opt/gcc-arm-none-eabi-6-2017-q1-update/bin/../lib/gcc/arm-none-eabi/6.3.1/thumb/v6-m/crtbegin.o
__aeabi_idiv                                      /home/dave/opt/gcc-arm-none-eabi-6-2017-q1-update/bin/../lib/gcc/arm-none-eabi/6.3.1/thumb/v6-m/libgcc.a(_divsi3.o)
__aeabi_idiv0                                     /home/dave/opt/gcc-arm-none-eabi-6-2017-q1-update/bin/../lib/gcc/arm-none-eabi/6.3.1/thumb/v6-m/libgcc.a(_dvmd_tls.o)
                                                  /home/dave/opt/gcc-arm-none-eabi-6-2017-q1-update/bin/../lib/gcc/arm-none-eabi/6.3.1/thumb/v6-m/libgcc.a(_divsi3.o)
                                                  /home/dave/opt/gcc-arm-none-eabi-6-2017-q1-update/bin/../lib/gcc/arm-none-eabi/6.3.1/thumb/v6-m/libgcc.a(_udivsi3.o)
__aeabi_idivmod                                   /home/dave/opt/gcc-arm-none-eabi-6-2017-q1-update/bin/../lib/gcc/arm-none-eabi/6.3.1/thumb/v6-m/libgcc.a(_divsi3.o)
                                                  sam0/drivers/usb/stack_interface/usb_device_udd.o
__aeabi_ldiv0                                     /home/dave/opt/gcc-arm-none-eabi-6-2017-q1-update/bin/../lib/gcc/arm-none-eabi/6.3.1/thumb/v6-m/libgcc.a(_dvmd_tls.o)
__aeabi_uidiv                                     /home/dave/opt/gcc-arm-none-eabi-6-2017-q1-update/bin/../lib/gcc/arm-none-eabi/6.3.1/thumb/v6-m/libgcc.a(_udivsi3.o)
                                                  sam0/drivers/system/clock/clock_samd21_r21_da_ha1/gclk.o
                                                  sam0/drivers/system/clock/clock_samd21_r21_da_ha1/clock.o
__aeabi_uidivmod                                  /home/dave/opt/gcc-arm-none-eabi-6-2017-q1-update/bin/../lib/gcc/arm-none-eabi/6.3.1/thumb/v6-m/libgcc.a(_udivsi3.o)
                                                  sam0/drivers/usb/stack_interface/usb_device_udd.o
                                                  common/services/usb/class/vendor/device/example/samd21j18a_samd21_xplained_pro/ui.o
__bss_end__                                       /home/dave/opt/gcc-arm-none-eabi-6-2017-q1-update/bin/../lib/gcc/arm-none-eabi/6.3.1/../../../../arm-none-eabi/lib/thumb/v6-m/crt0.o
__bss_start__                                     /home/dave/opt/gcc-arm-none-eabi-6-2017-q1-update/bin/../lib/gcc/arm-none-eabi/6.3.1/../../../../arm-none-eabi/lib/thumb/v6-m/crt0.o
__call_exitprocs                                  /home/dave/opt/gcc-arm-none-eabi-6-2017-q1-update/bin/../lib/gcc/arm-none-eabi/6.3.1/../../../../arm-none-eabi/lib/thumb/v6-m/libc_nano.a(lib_a-exit.o)
__clzsi2                                          /home/dave/opt/gcc-arm-none-eabi-6-2017-q1-update/bin/../lib/gcc/arm-none-eabi/6.3.1/thumb/v6-m/libgcc.a(_clzsi2.o)
                                                  sam0/drivers/usb/usb_sam_d_r/usb.o
__ctzsi2                                          /home/dave/opt/gcc-arm-none-eabi-6-2017-q1-update/bin/../lib/gcc/arm-none-eabi/6.3.1/thumb/v6-m/libgcc.a(_ctzsi2.o)
                                                  sam0/drivers/usb/usb_sam_d_r/usb.o
__deregister_frame_info                           /home/dave/opt/gcc-arm-none-eabi-6-2017-q1-update/bin/../lib/gcc/arm-none-eabi/6.3.1/thumb/v6-m/crtbegin.o
__divsi3                                          /home/dave/opt/gcc-arm-none-eabi-6-2017-q1-update/bin/../lib/gcc/arm-none-eabi/6.3.1/thumb/v6-m/libgcc.a(_divsi3.o)
__dso_handle                                      /home/dave/opt/gcc-arm-none-eabi-6-2017-q1-update/bin/../lib/gcc/arm-none-eabi/6.3.1/thumb/v6-m/crtbegin.o
__init_array_end                                  /home/dave/opt/gcc-arm-none-eabi-6-2017-q1-update/bin/../lib/gcc/arm-none-eabi/6.3.1/../../../../arm-none-eabi/lib/thumb/v6-m/libc_nano.a(lib_a-init.o)
__init_array_start                                /home/dave/opt/gcc-arm-none-eabi-6-2017-q1-update/bin/../lib/gcc/arm-none-eabi/6.3.1/../../../../arm-none-eabi/lib/thumb/v6-m/libc_nano.a(lib_a-init.o)
__libc_fini_array                                 /home/dave/opt/gcc-arm-none-eabi-6-2017-q1-update/bin/../lib/gcc/arm-none-eabi/6.3.1/../../../../arm-none-eabi/lib/thumb/v6-m/crt0.o
__libc_init_array                                 /home/dave/opt/gcc-arm-none-eabi-6-2017-q1-update/bin/../lib/gcc/arm-none-eabi/6.3.1/../../../../arm-none-eabi/lib/thumb/v6-m/libc_nano.a(lib_a-init.o)
                                                  sam0/utils/cmsis/samd21/source/gcc/startup_samd21.o
                                                  /home/dave/opt/gcc-arm-none-eabi-6-2017-q1-update/bin/../lib/gcc/arm-none-eabi/6.3.1/../../../../arm-none-eabi/lib/thumb/v6-m/crt0.o
__preinit_array_end                               /home/dave/opt/gcc-arm-none-eabi-6-2017-q1-update/bin/../lib/gcc/arm-none-eabi/6.3.1/../../../../arm-none-eabi/lib/thumb/v6-m/libc_nano.a(lib_a-init.o)
__preinit_array_start                             /home/dave/opt/gcc-arm-none-eabi-6-2017-q1-update/bin/../lib/gcc/arm-none-eabi/6.3.1/../../../../arm-none-eabi/lib/thumb/v6-m/libc_nano.a(lib_a-init.o)
__register_frame_info                             /home/dave/opt/gcc-arm-none-eabi-6-2017-q1-update/bin/../lib/gcc/arm-none-eabi/6.3.1/thumb/v6-m/crtbegin.o
__sf_fake_stderr                                  /home/dave/opt/gcc-arm-none-eabi-6-2017-q1-update/bin/../lib/gcc/arm-none-eabi/6.3.1/../../../../arm-none-eabi/lib/thumb/v6-m/libc_nano.a(lib_a-impure.o)
__sf_fake_stdin                                   /home/dave/opt/gcc-arm-none-eabi-6-2017-q1-update/bin/../lib/gcc/arm-none-eabi/6.3.1/../../../../arm-none-eabi/lib/thumb/v6-m/libc_nano.a(lib_a-impure.o)
__sf_fake_stdout                                  /home/dave/opt/gcc-arm-none-eabi-6-2017-q1-update/bin/../lib/gcc/arm-none-eabi/6.3.1/../../../../arm-none-eabi/lib/thumb/v6-m/libc_nano.a(lib_a-impure.o)
__stack                                           /home/dave/opt/gcc-arm-none-eabi-6-2017-q1-update/bin/../lib/gcc/arm-none-eabi/6.3.1/../../../../arm-none-eabi/lib/thumb/v6-m/crt0.o
__udivsi3                                         /home/dave/opt/gcc-arm-none-eabi-6-2017-q1-update/bin/../lib/gcc/arm-none-eabi/6.3.1/thumb/v6-m/libgcc.a(_udivsi3.o)
_close                                            sam0/utils/syscalls/gcc/syscalls.o
_current_channel                                  sam0/drivers/extint/extint_callback.o
_end                                              sam0/utils/syscalls/gcc/syscalls.o
_erelocate                                        sam0/utils/cmsis/samd21/source/gcc/startup_samd21.o
_estack                                           sam0/utils/cmsis/samd21/source/gcc/startup_samd21.o
_etext                                            sam0/utils/cmsis/samd21/source/gcc/startup_samd21.o
_exit                                             sam0/utils/syscalls/gcc/syscalls.o
                                                  /home/dave/opt/gcc-arm-none-eabi-6-2017-q1-update/bin/../lib/gcc/arm-none-eabi/6.3.1/../../../../arm-none-eabi/lib/thumb/v6-m/libc_nano.a(lib_a-exit.o)
_extint_dev                                       sam0/drivers/extint/extint_sam_d_r_h/extint.o
                                                  sam0/drivers/extint/extint_callback.o
_ezero                                            sam0/utils/cmsis/samd21/source/gcc/startup_samd21.o
_fini                                             /home/dave/opt/gcc-arm-none-eabi-6-2017-q1-update/bin/../lib/gcc/arm-none-eabi/6.3.1/thumb/v6-m/crti.o
_fstat                                            sam0/utils/syscalls/gcc/syscalls.o
_getpid                                           sam0/utils/syscalls/gcc/syscalls.o
_global_impure_ptr                                /home/dave/opt/gcc-arm-none-eabi-6-2017-q1-update/bin/../lib/gcc/arm-none-eabi/6.3.1/../../../../arm-none-eabi/lib/thumb/v6-m/libc_nano.a(lib_a-impure.o)
                                                  /home/dave/opt/gcc-arm-none-eabi-6-2017-q1-update/bin/../lib/gcc/arm-none-eabi/6.3.1/../../../../arm-none-eabi/lib/thumb/v6-m/libc_nano.a(lib_a-exit.o)
_impure_ptr                                       /home/dave/opt/gcc-arm-none-eabi-6-2017-q1-update/bin/../lib/gcc/arm-none-eabi/6.3.1/../../../../arm-none-eabi/lib/thumb/v6-m/libc_nano.a(lib_a-impure.o)
_init                                             /home/dave/opt/gcc-arm-none-eabi-6-2017-q1-update/bin/../lib/gcc/arm-none-eabi/6.3.1/thumb/v6-m/crti.o
                                                  /home/dave/opt/gcc-arm-none-eabi-6-2017-q1-update/bin/../lib/gcc/arm-none-eabi/6.3.1/../../../../arm-none-eabi/lib/thumb/v6-m/libc_nano.a(lib_a-init.o)
_isatty                                           sam0/utils/syscalls/gcc/syscalls.o
_kill                                             sam0/utils/syscalls/gcc/syscalls.o
_lseek                                            sam0/utils/syscalls/gcc/syscalls.o
_mainCRTStartup                                   /home/dave/opt/gcc-arm-none-eabi-6-2017-q1-update/bin/../lib/gcc/arm-none-eabi/6.3.1/../../../../arm-none-eabi/lib/thumb/v6-m/crt0.o
_sbrk                                             sam0/utils/syscalls/gcc/syscalls.o
_sfixed                                           sam0/utils/cmsis/samd21/source/gcc/startup_samd21.o
_srelocate                                        sam0/utils/cmsis/samd21/source/gcc/startup_samd21.o
_start                                            /home/dave/opt/gcc-arm-none-eabi-6-2017-q1-update/bin/../lib/gcc/arm-none-eabi/6.3.1/../../../../arm-none-eabi/lib/thumb/v6-m/crt0.o
_system_divas_init                                sam0/drivers/system/system.o
_system_dummy_init                                sam0/drivers/system/system.o
_system_events_init                               sam0/drivers/system/system.o
_system_extint_init                               sam0/drivers/extint/extint_sam_d_r_h/extint.o
_szero                                            sam0/utils/cmsis/samd21/source/gcc/startup_samd21.o
atexit                                            /home/dave/opt/gcc-arm-none-eabi-6-2017-q1-update/bin/../lib/gcc/arm-none-eabi/6.3.1/../../../../arm-none-eabi/lib/thumb/v6-m/crt0.o
board_init                                        sam0/boards/samd21_xplained_pro/board_init.o
cpu_irq_enter_critical                            common/utils/interrupt/interrupt_sam_nvic.o
                                                  sam0/drivers/system/clock/clock_samd21_r21_da_ha1/gclk.o
cpu_irq_leave_critical                            common/utils/interrupt/interrupt_sam_nvic.o
                                                  sam0/drivers/system/clock/clock_samd21_r21_da_ha1/gclk.o
exception_table                                   sam0/utils/cmsis/samd21/source/gcc/startup_samd21.o
exit                                              /home/dave/opt/gcc-arm-none-eabi-6-2017-q1-update/bin/../lib/gcc/arm-none-eabi/6.3.1/../../../../arm-none-eabi/lib/thumb/v6-m/libc_nano.a(lib_a-exit.o)
                                                  /home/dave/opt/gcc-arm-none-eabi-6-2017-q1-update/bin/../lib/gcc/arm-none-eabi/6.3.1/../../../../arm-none-eabi/lib/thumb/v6-m/crt0.o
extint_chan_disable_callback                      sam0/drivers/extint/extint_callback.o
                                                  sam0/drivers/usb/stack_interface/usb_device_udd.o
extint_chan_enable_callback                       sam0/drivers/extint/extint_callback.o
                                                  sam0/drivers/usb/stack_interface/usb_device_udd.o
extint_chan_get_config_defaults                   sam0/drivers/extint/extint_sam_d_r_h/extint.o
                                                  sam0/drivers/usb/stack_interface/usb_device_udd.o
extint_chan_set_config                            sam0/drivers/extint/extint_sam_d_r_h/extint.o
                                                  sam0/drivers/usb/stack_interface/usb_device_udd.o
extint_disable_events                             sam0/drivers/extint/extint_sam_d_r_h/extint.o
extint_enable_events                              sam0/drivers/extint/extint_sam_d_r_h/extint.o
extint_get_current_channel                        sam0/drivers/extint/extint_callback.o
extint_nmi_set_config                             sam0/drivers/extint/extint_sam_d_r_h/extint.o
extint_register_callback                          sam0/drivers/extint/extint_callback.o
                                                  sam0/drivers/usb/stack_interface/usb_device_udd.o
extint_unregister_callback                        sam0/drivers/extint/extint_callback.o
g_interrupt_enabled                               common/utils/interrupt/interrupt_sam_nvic.o
                                                  sam0/drivers/usb/stack_interface/usb_device_udd.o
                                                  common/services/usb/class/vendor/device/example/main.o
hardware_init_hook                                /home/dave/opt/gcc-arm-none-eabi-6-2017-q1-update/bin/../lib/gcc/arm-none-eabi/6.3.1/../../../../arm-none-eabi/lib/thumb/v6-m/crt0.o
host_pipe_job_busy_status                         sam0/drivers/usb/usb_sam_d_r/usb.o
link                                              sam0/utils/syscalls/gcc/syscalls.o
main                                              common/services/usb/class/vendor/device/example/main.o
                                                  sam0/utils/cmsis/samd21/source/gcc/startup_samd21.o
                                                  /home/dave/opt/gcc-arm-none-eabi-6-2017-q1-update/bin/../lib/gcc/arm-none-eabi/6.3.1/../../../../arm-none-eabi/lib/thumb/v6-m/crt0.o